<!doctype html public "-//w3c//dtd html 4.0 transitional//en">
<html><head>
<title>Static Call Graph - [.\Objects\ACFly.axf]</title></head>
<body><HR>
<H1>Static Call Graph for image .\Objects\ACFly.axf</H1><HR>
<BR><P>#&#060CALLGRAPH&#062# ARM Linker, 6140002: Last Updated: Sat Aug 22 14:51:13 2020
<BR><P>
<H3>Maximum Stack Usage =       4152 bytes + Unknown(Functions without stacksize, Cycles, Untraceable Function Pointers)</H3><H3>
Call chain for Maximum Stack Depth:</H3>
_ZL22Msg73_MISSION_ITEM_INThPK17__mavlink_message &rArr; addMission(MissionInf, bool, double) &rArr; ParamGroupRegister(SName, unsigned short, unsigned, const MAV_PARAM_TYPE*, const SName*, const unsigned long long*) &rArr; InternalStorage_GetFileSize(const char*, const char*, unsigned*, double) &rArr; f_stat &rArr; follow_path &rArr; dir_find &rArr; dir_read &rArr; load_xdir &rArr; dir_next &rArr; create_chain &rArr; get_fat &rArr; __aeabi_uldivmod
<P>
<H3>
Functions with no stack information
</H3><UL>
 <LI><a href="#[197]">__user_initial_stackheap</a>
 <LI><a href="#[272]">__unw_getcontext</a>
 <LI><a href="#[4b8]">unw_getcontext</a>
 <LI><a href="#[3eb]">libunwind::Registers_arm::saveVFPWithFSTMD(void*)</a>
 <LI><a href="#[3e9]">libunwind::Registers_arm::saveVFPWithFSTMX(void*)</a>
 <LI><a href="#[3ea]">libunwind::Registers_arm::saveVFPv3(void*)</a>
 <LI><a href="#[3f1]">libunwind::Registers_arm::restoreCoreAndJumpTo()</a>
 <LI><a href="#[3f3]">libunwind::Registers_arm::restoreVFPWithFLDMD(void*)</a>
 <LI><a href="#[3f2]">libunwind::Registers_arm::restoreVFPWithFLDMX(void*)</a>
 <LI><a href="#[3f4]">libunwind::Registers_arm::restoreVFPv3(void*)</a>
</UL>
</UL>
<P>
<H3>
Mutually Recursive functions
</H3> <LI><a href="#[18]">NMI_Handler</a>&nbsp;&nbsp;&nbsp;&rArr;&nbsp;&nbsp;&nbsp;<a href="#[18]">NMI_Handler</a><BR>
 <LI><a href="#[1a]">MemManage_Handler</a>&nbsp;&nbsp;&nbsp;&rArr;&nbsp;&nbsp;&nbsp;<a href="#[1a]">MemManage_Handler</a><BR>
 <LI><a href="#[1b]">BusFault_Handler</a>&nbsp;&nbsp;&nbsp;&rArr;&nbsp;&nbsp;&nbsp;<a href="#[1b]">BusFault_Handler</a><BR>
 <LI><a href="#[1c]">UsageFault_Handler</a>&nbsp;&nbsp;&nbsp;&rArr;&nbsp;&nbsp;&nbsp;<a href="#[1c]">UsageFault_Handler</a><BR>
 <LI><a href="#[1e]">DebugMon_Handler</a>&nbsp;&nbsp;&nbsp;&rArr;&nbsp;&nbsp;&nbsp;<a href="#[1e]">DebugMon_Handler</a><BR>
 <LI><a href="#[98]">ADC3_IRQHandler</a>&nbsp;&nbsp;&nbsp;&rArr;&nbsp;&nbsp;&nbsp;<a href="#[98]">ADC3_IRQHandler</a><BR>
 <LI><a href="#[16]">std::terminate()</a>&nbsp;&nbsp;&nbsp;&rArr;&nbsp;&nbsp;&nbsp;<a href="#[3fe]">__clang_call_terminate</a><BR>
 <LI><a href="#[3dc]">std::__terminate(void(*)())</a>&nbsp;&nbsp;&nbsp;&rArr;&nbsp;&nbsp;&nbsp;<a href="#[3db]">__cxa_begin_catch</a><BR>
 <LI><a href="#[405]">__cxa_call_unexpected</a>&nbsp;&nbsp;&nbsp;&rArr;&nbsp;&nbsp;&nbsp;<a href="#[3db]">__cxa_begin_catch</a><BR>
 <LI><a href="#[3d8]">_ZN10__cxxabiv1L14call_terminateEbP21_Unwind_Control_Block</a>&nbsp;&nbsp;&nbsp;&rArr;&nbsp;&nbsp;&nbsp;<a href="#[3db]">__cxa_begin_catch</a><BR>
 <LI><a href="#[3da]">_ZN10__cxxabiv1L12failed_throwEPNS_15__cxa_exceptionE</a>&nbsp;&nbsp;&nbsp;&rArr;&nbsp;&nbsp;&nbsp;<a href="#[3db]">__cxa_begin_catch</a><BR>
 <LI><a href="#[40b]">__cxa_rethrow</a>&nbsp;&nbsp;&nbsp;&rArr;&nbsp;&nbsp;&nbsp;<a href="#[3db]">__cxa_begin_catch</a><BR>
 <LI><a href="#[404]">__cxa_allocate_exception</a>&nbsp;&nbsp;&nbsp;&rArr;&nbsp;&nbsp;&nbsp;<a href="#[16]">std::terminate()</a><BR>
 <LI><a href="#[3f8]">std::__1::__tree&lang;std::__1::__value_type&lang;SName, ReceiverSync&rang;, std::__1::__map_value_compare&lang;SName, std::__1::__value_type&lang;SName, ReceiverSync&rang;, std::__1::less&lang;SName&rang;, (bool)1&rang;, std::__1::allocator&lang;std::__1::__value_type&lang;SName, ReceiverSync&rang;&rang;&rang;::destroy(std::__1::__tree_node&lang;std::__1::__value_type&lang;SName, ReceiverSync&rang;, void*&rang;*)</a>&nbsp;&nbsp;&nbsp;&rArr;&nbsp;&nbsp;&nbsp;<a href="#[3f8]">std::__1::__tree&lang;std::__1::__value_type&lang;SName, ReceiverSync&rang;, std::__1::__map_value_compare&lang;SName, std::__1::__value_type&lang;SName, ReceiverSync&rang;, std::__1::less&lang;SName&rang;, (bool)1&rang;, std::__1::allocator&lang;std::__1::__value_type&lang;SName, ReceiverSync&rang;&rang;&rang;::destroy(std::__1::__tree_node&lang;std::__1::__value_type&lang;SName, ReceiverSync&rang;, void*&rang;*)</a><BR>
 <LI><a href="#[3f9]">std::__1::__tree&lang;std::__1::__value_type&lang;SName, Param&rang;, std::__1::__map_value_compare&lang;SName, std::__1::__value_type&lang;SName, Param&rang;, std::__1::less&lang;SName&rang;, (bool)1&rang;, std::__1::allocator&lang;std::__1::__value_type&lang;SName, Param&rang;&rang;&rang;::destroy(std::__1::__tree_node&lang;std::__1::__value_type&lang;SName, Param&rang;, void*&rang;*)</a>&nbsp;&nbsp;&nbsp;&rArr;&nbsp;&nbsp;&nbsp;<a href="#[3f9]">std::__1::__tree&lang;std::__1::__value_type&lang;SName, Param&rang;, std::__1::__map_value_compare&lang;SName, std::__1::__value_type&lang;SName, Param&rang;, std::__1::less&lang;SName&rang;, (bool)1&rang;, std::__1::allocator&lang;std::__1::__value_type&lang;SName, Param&rang;&rang;&rang;::destroy(std::__1::__tree_node&lang;std::__1::__value_type&lang;SName, Param&rang;, void*&rang;*)</a><BR>
 <LI><a href="#[3fa]">std::__1::__tree&lang;std::__1::__value_type&lang;SName, ParamGroup*&rang;, std::__1::__map_value_compare&lang;SName, std::__1::__value_type&lang;SName, ParamGroup*&rang;, std::__1::less&lang;SName&rang;, (bool)1&rang;, std::__1::allocator&lang;std::__1::__value_type&lang;SName, ParamGroup*&rang;&rang;&rang;::destroy(std::__1::__tree_node&lang;std::__1::__value_type&lang;SName, ParamGroup*&rang;, void*&rang;*)</a>&nbsp;&nbsp;&nbsp;&rArr;&nbsp;&nbsp;&nbsp;<a href="#[3fa]">std::__1::__tree&lang;std::__1::__value_type&lang;SName, ParamGroup*&rang;, std::__1::__map_value_compare&lang;SName, std::__1::__value_type&lang;SName, ParamGroup*&rang;, std::__1::less&lang;SName&rang;, (bool)1&rang;, std::__1::allocator&lang;std::__1::__value_type&lang;SName, ParamGroup*&rang;&rang;&rang;::destroy(std::__1::__tree_node&lang;std::__1::__value_type&lang;SName, ParamGroup*&rang;, void*&rang;*)</a><BR>
 <LI><a href="#[3fb]">std::__1::__tree&lang;std::__1::__value_type&lang;unsigned short, SDMsg&rang;, std::__1::__map_value_compare&lang;unsigned short, std::__1::__value_type&lang;unsigned short, SDMsg&rang;, std::__1::less&lang;unsigned short&rang;, (bool)1&rang;, std::__1::allocator&lang;std::__1::__value_type&lang;unsigned short, SDMsg&rang;&rang;&rang;::destroy(std::__1::__tree_node&lang;std::__1::__value_type&lang;unsigned short, SDMsg&rang;, void*&rang;*)</a>&nbsp;&nbsp;&nbsp;&rArr;&nbsp;&nbsp;&nbsp;<a href="#[3fb]">std::__1::__tree&lang;std::__1::__value_type&lang;unsigned short, SDMsg&rang;, std::__1::__map_value_compare&lang;unsigned short, std::__1::__value_type&lang;unsigned short, SDMsg&rang;, std::__1::less&lang;unsigned short&rang;, (bool)1&rang;, std::__1::allocator&lang;std::__1::__value_type&lang;unsigned short, SDMsg&rang;&rang;&rang;::destroy(std::__1::__tree_node&lang;std::__1::__value_type&lang;unsigned short, SDMsg&rang;, void*&rang;*)</a><BR>
</UL>
<P>
<H3>
Function Pointers
</H3><UL>
 <LI><a href="#[98]">ADC3_IRQHandler</a> from startup_stm32h743xx.o(.text) referenced from startup_stm32h743xx.o(RESET)
 <LI><a href="#[33]">ADC_IRQHandler</a> from startup_stm32h743xx.o(.text) referenced from startup_stm32h743xx.o(RESET)
 <LI><a href="#[9a]">BDMA_Channel0_IRQHandler</a> from startup_stm32h743xx.o(.text) referenced from startup_stm32h743xx.o(RESET)
 <LI><a href="#[9b]">BDMA_Channel1_IRQHandler</a> from startup_stm32h743xx.o(.text) referenced from startup_stm32h743xx.o(RESET)
 <LI><a href="#[9c]">BDMA_Channel2_IRQHandler</a> from startup_stm32h743xx.o(.text) referenced from startup_stm32h743xx.o(RESET)
 <LI><a href="#[9d]">BDMA_Channel3_IRQHandler</a> from startup_stm32h743xx.o(.text) referenced from startup_stm32h743xx.o(RESET)
 <LI><a href="#[9e]">BDMA_Channel4_IRQHandler</a> from startup_stm32h743xx.o(.text) referenced from startup_stm32h743xx.o(RESET)
 <LI><a href="#[9f]">BDMA_Channel5_IRQHandler</a> from startup_stm32h743xx.o(.text) referenced from startup_stm32h743xx.o(RESET)
 <LI><a href="#[a0]">BDMA_Channel6_IRQHandler</a> from startup_stm32h743xx.o(.text) referenced from startup_stm32h743xx.o(RESET)
 <LI><a href="#[a1]">BDMA_Channel7_IRQHandler</a> from startup_stm32h743xx.o(.text) referenced from startup_stm32h743xx.o(RESET)
 <LI><a href="#[1b]">BusFault_Handler</a> from startup_stm32h743xx.o(.text) referenced from startup_stm32h743xx.o(RESET)
 <LI><a href="#[13]">CDC_Control_FS</a> from usbd_cdc_if.o(.text.CDC_Control_FS) referenced 2 times from usbd_cdc_if.o(.data.USBD_Interface_fops_FS)
 <LI><a href="#[12]">CDC_DeInit_FS</a> from usbd_cdc_if.o(.text.CDC_DeInit_FS) referenced 2 times from usbd_cdc_if.o(.data.USBD_Interface_fops_FS)
 <LI><a href="#[11]">CDC_Init_FS</a> from usbd_cdc_if.o(.text.CDC_Init_FS) referenced 2 times from usbd_cdc_if.o(.data.USBD_Interface_fops_FS)
 <LI><a href="#[14]">CDC_Receive_FS</a> from usbd_cdc_if.o(.text.CDC_Receive_FS) referenced 2 times from usbd_cdc_if.o(.data.USBD_Interface_fops_FS)
 <LI><a href="#[79]">CEC_IRQHandler</a> from startup_stm32h743xx.o(.text) referenced from startup_stm32h743xx.o(RESET)
 <LI><a href="#[a2]">COMP1_IRQHandler</a> from startup_stm32h743xx.o(.text) referenced from startup_stm32h743xx.o(RESET)
 <LI><a href="#[a8]">CRS_IRQHandler</a> from startup_stm32h743xx.o(.text) referenced from startup_stm32h743xx.o(RESET)
 <LI><a href="#[6a]">DCMI_IRQHandler</a> from startup_stm32h743xx.o(.text) referenced from startup_stm32h743xx.o(RESET)
 <LI><a href="#[89]">DFSDM1_FLT0_IRQHandler</a> from startup_stm32h743xx.o(.text) referenced from startup_stm32h743xx.o(RESET)
 <LI><a href="#[8a]">DFSDM1_FLT1_IRQHandler</a> from startup_stm32h743xx.o(.text) referenced from startup_stm32h743xx.o(RESET)
 <LI><a href="#[8b]">DFSDM1_FLT2_IRQHandler</a> from startup_stm32h743xx.o(.text) referenced from startup_stm32h743xx.o(RESET)
 <LI><a href="#[8c]">DFSDM1_FLT3_IRQHandler</a> from startup_stm32h743xx.o(.text) referenced from startup_stm32h743xx.o(RESET)
 <LI><a href="#[2c]">DMA1_Stream0_IRQHandler</a> from startup_stm32h743xx.o(.text) referenced from startup_stm32h743xx.o(RESET)
 <LI><a href="#[2d]">DMA1_Stream1_IRQHandler</a> from drv_sensors.o(.text.DMA1_Stream1_IRQHandler) referenced from startup_stm32h743xx.o(RESET)
 <LI><a href="#[2e]">DMA1_Stream2_IRQHandler</a> from startup_stm32h743xx.o(.text) referenced from startup_stm32h743xx.o(RESET)
 <LI><a href="#[2f]">DMA1_Stream3_IRQHandler</a> from startup_stm32h743xx.o(.text) referenced from startup_stm32h743xx.o(RESET)
 <LI><a href="#[30]">DMA1_Stream4_IRQHandler</a> from startup_stm32h743xx.o(.text) referenced from startup_stm32h743xx.o(RESET)
 <LI><a href="#[31]">DMA1_Stream5_IRQHandler</a> from startup_stm32h743xx.o(.text) referenced from startup_stm32h743xx.o(RESET)
 <LI><a href="#[32]">DMA1_Stream6_IRQHandler</a> from startup_stm32h743xx.o(.text) referenced from startup_stm32h743xx.o(RESET)
 <LI><a href="#[4f]">DMA1_Stream7_IRQHandler</a> from startup_stm32h743xx.o(.text) referenced from startup_stm32h743xx.o(RESET)
 <LI><a href="#[75]">DMA2D_IRQHandler</a> from gui.o(.text.DMA2D_IRQHandler) referenced from startup_stm32h743xx.o(RESET)
 <LI><a href="#[58]">DMA2_Stream0_IRQHandler</a> from startup_stm32h743xx.o(.text) referenced from startup_stm32h743xx.o(RESET)
 <LI><a href="#[59]">DMA2_Stream1_IRQHandler</a> from startup_stm32h743xx.o(.text) referenced from startup_stm32h743xx.o(RESET)
 <LI><a href="#[5a]">DMA2_Stream2_IRQHandler</a> from startup_stm32h743xx.o(.text) referenced from startup_stm32h743xx.o(RESET)
 <LI><a href="#[5b]">DMA2_Stream3_IRQHandler</a> from startup_stm32h743xx.o(.text) referenced from startup_stm32h743xx.o(RESET)
 <LI><a href="#[5c]">DMA2_Stream4_IRQHandler</a> from startup_stm32h743xx.o(.text) referenced from startup_stm32h743xx.o(RESET)
 <LI><a href="#[60]">DMA2_Stream5_IRQHandler</a> from startup_stm32h743xx.o(.text) referenced from startup_stm32h743xx.o(RESET)
 <LI><a href="#[61]">DMA2_Stream6_IRQHandler</a> from startup_stm32h743xx.o(.text) referenced from startup_stm32h743xx.o(RESET)
 <LI><a href="#[62]">DMA2_Stream7_IRQHandler</a> from startup_stm32h743xx.o(.text) referenced from startup_stm32h743xx.o(RESET)
 <LI><a href="#[81]">DMAMUX1_OVR_IRQHandler</a> from startup_stm32h743xx.o(.text) referenced from startup_stm32h743xx.o(RESET)
 <LI><a href="#[99]">DMAMUX2_OVR_IRQHandler</a> from startup_stm32h743xx.o(.text) referenced from startup_stm32h743xx.o(RESET)
 <LI><a href="#[1e]">DebugMon_Handler</a> from startup_stm32h743xx.o(.text) referenced from startup_stm32h743xx.o(RESET)
 <LI><a href="#[a9]">ECC_IRQHandler</a> from startup_stm32h743xx.o(.text) referenced from startup_stm32h743xx.o(RESET)
 <LI><a href="#[5d]">ETH_IRQHandler</a> from startup_stm32h743xx.o(.text) referenced from startup_stm32h743xx.o(RESET)
 <LI><a href="#[5e]">ETH_WKUP_IRQHandler</a> from startup_stm32h743xx.o(.text) referenced from startup_stm32h743xx.o(RESET)
 <LI><a href="#[27]">EXTI0_IRQHandler</a> from startup_stm32h743xx.o(.text) referenced from startup_stm32h743xx.o(RESET)
 <LI><a href="#[49]">EXTI15_10_IRQHandler</a> from startup_stm32h743xx.o(.text) referenced from startup_stm32h743xx.o(RESET)
 <LI><a href="#[28]">EXTI1_IRQHandler</a> from startup_stm32h743xx.o(.text) referenced from startup_stm32h743xx.o(RESET)
 <LI><a href="#[29]">EXTI2_IRQHandler</a> from startup_stm32h743xx.o(.text) referenced from startup_stm32h743xx.o(RESET)
 <LI><a href="#[2a]">EXTI3_IRQHandler</a> from startup_stm32h743xx.o(.text) referenced from startup_stm32h743xx.o(RESET)
 <LI><a href="#[2b]">EXTI4_IRQHandler</a> from startup_stm32h743xx.o(.text) referenced from startup_stm32h743xx.o(RESET)
 <LI><a href="#[38]">EXTI9_5_IRQHandler</a> from startup_stm32h743xx.o(.text) referenced from startup_stm32h743xx.o(RESET)
 <LI><a href="#[34]">FDCAN1_IT0_IRQHandler</a> from startup_stm32h743xx.o(.text) referenced from startup_stm32h743xx.o(RESET)
 <LI><a href="#[36]">FDCAN1_IT1_IRQHandler</a> from startup_stm32h743xx.o(.text) referenced from startup_stm32h743xx.o(RESET)
 <LI><a href="#[35]">FDCAN2_IT0_IRQHandler</a> from startup_stm32h743xx.o(.text) referenced from startup_stm32h743xx.o(RESET)
 <LI><a href="#[37]">FDCAN2_IT1_IRQHandler</a> from startup_stm32h743xx.o(.text) referenced from startup_stm32h743xx.o(RESET)
 <LI><a href="#[5f]">FDCAN_CAL_IRQHandler</a> from startup_stm32h743xx.o(.text) referenced from startup_stm32h743xx.o(RESET)
 <LI><a href="#[25]">FLASH_IRQHandler</a> from startup_stm32h743xx.o(.text) referenced from startup_stm32h743xx.o(RESET)
 <LI><a href="#[50]">FMC_IRQHandler</a> from startup_stm32h743xx.o(.text) referenced from startup_stm32h743xx.o(RESET)
 <LI><a href="#[6c]">FPU_IRQHandler</a> from startup_stm32h743xx.o(.text) referenced from startup_stm32h743xx.o(RESET)
 <LI><a href="#[e8]">Flash_initialize</a> from flash_diskio.o(.text.Flash_initialize) referenced from flash_diskio.o(.rodata.Flash_Driver)
 <LI><a href="#[ec]">Flash_ioctl</a> from flash_diskio.o(.text.Flash_ioctl) referenced from flash_diskio.o(.rodata.Flash_Driver)
 <LI><a href="#[ea]">Flash_read</a> from flash_diskio.o(.text.Flash_read) referenced from flash_diskio.o(.rodata.Flash_Driver)
 <LI><a href="#[e9]">Flash_status</a> from flash_diskio.o(.text.Flash_status) referenced from flash_diskio.o(.rodata.Flash_Driver)
 <LI><a href="#[eb]">Flash_write</a> from flash_diskio.o(.text.Flash_write) referenced from flash_diskio.o(.rodata.Flash_Driver)
 <LI><a href="#[88]">HRTIM1_FLT_IRQHandler</a> from startup_stm32h743xx.o(.text) referenced from startup_stm32h743xx.o(RESET)
 <LI><a href="#[82]">HRTIM1_Master_IRQHandler</a> from startup_stm32h743xx.o(.text) referenced from startup_stm32h743xx.o(RESET)
 <LI><a href="#[83]">HRTIM1_TIMA_IRQHandler</a> from startup_stm32h743xx.o(.text) referenced from startup_stm32h743xx.o(RESET)
 <LI><a href="#[84]">HRTIM1_TIMB_IRQHandler</a> from startup_stm32h743xx.o(.text) referenced from startup_stm32h743xx.o(RESET)
 <LI><a href="#[85]">HRTIM1_TIMC_IRQHandler</a> from startup_stm32h743xx.o(.text) referenced from startup_stm32h743xx.o(RESET)
 <LI><a href="#[86]">HRTIM1_TIMD_IRQHandler</a> from startup_stm32h743xx.o(.text) referenced from startup_stm32h743xx.o(RESET)
 <LI><a href="#[87]">HRTIM1_TIME_IRQHandler</a> from startup_stm32h743xx.o(.text) referenced from startup_stm32h743xx.o(RESET)
 <LI><a href="#[97]">HSEM1_IRQHandler</a> from startup_stm32h743xx.o(.text) referenced from startup_stm32h743xx.o(RESET)
 <LI><a href="#[19]">HardFault_Handler</a> from main.o(.text.HardFault_Handler) referenced from startup_stm32h743xx.o(RESET)
 <LI><a href="#[41]">I2C1_ER_IRQHandler</a> from drv_extiic.o(.text.I2C1_ER_IRQHandler) referenced from startup_stm32h743xx.o(RESET)
 <LI><a href="#[40]">I2C1_EV_IRQHandler</a> from drv_extiic.o(.text.I2C1_EV_IRQHandler) referenced from startup_stm32h743xx.o(RESET)
 <LI><a href="#[43]">I2C2_ER_IRQHandler</a> from startup_stm32h743xx.o(.text) referenced from startup_stm32h743xx.o(RESET)
 <LI><a href="#[42]">I2C2_EV_IRQHandler</a> from startup_stm32h743xx.o(.text) referenced from startup_stm32h743xx.o(RESET)
 <LI><a href="#[65]">I2C3_ER_IRQHandler</a> from startup_stm32h743xx.o(.text) referenced from startup_stm32h743xx.o(RESET)
 <LI><a href="#[64]">I2C3_EV_IRQHandler</a> from startup_stm32h743xx.o(.text) referenced from startup_stm32h743xx.o(RESET)
 <LI><a href="#[7b]">I2C4_ER_IRQHandler</a> from startup_stm32h743xx.o(.text) referenced from startup_stm32h743xx.o(RESET)
 <LI><a href="#[7a]">I2C4_EV_IRQHandler</a> from startup_stm32h743xx.o(.text) referenced from startup_stm32h743xx.o(RESET)
 <LI><a href="#[94]">JPEG_IRQHandler</a> from startup_stm32h743xx.o(.text) referenced from startup_stm32h743xx.o(RESET)
 <LI><a href="#[78]">LPTIM1_IRQHandler</a> from startup_stm32h743xx.o(.text) referenced from startup_stm32h743xx.o(RESET)
 <LI><a href="#[a3]">LPTIM2_IRQHandler</a> from startup_stm32h743xx.o(.text) referenced from startup_stm32h743xx.o(RESET)
 <LI><a href="#[a4]">LPTIM3_IRQHandler</a> from startup_stm32h743xx.o(.text) referenced from startup_stm32h743xx.o(RESET)
 <LI><a href="#[a5]">LPTIM4_IRQHandler</a> from startup_stm32h743xx.o(.text) referenced from startup_stm32h743xx.o(RESET)
 <LI><a href="#[a6]">LPTIM5_IRQHandler</a> from startup_stm32h743xx.o(.text) referenced from startup_stm32h743xx.o(RESET)
 <LI><a href="#[a7]">LPUART1_IRQHandler</a> from startup_stm32h743xx.o(.text) referenced from startup_stm32h743xx.o(RESET)
 <LI><a href="#[74]">LTDC_ER_IRQHandler</a> from startup_stm32h743xx.o(.text) referenced from startup_stm32h743xx.o(RESET)
 <LI><a href="#[73]">LTDC_IRQHandler</a> from startup_stm32h743xx.o(.text) referenced from startup_stm32h743xx.o(RESET)
 <LI><a href="#[93]">MDIOS_IRQHandler</a> from startup_stm32h743xx.o(.text) referenced from startup_stm32h743xx.o(RESET)
 <LI><a href="#[92]">MDIOS_WKUP_IRQHandler</a> from startup_stm32h743xx.o(.text) referenced from startup_stm32h743xx.o(RESET)
 <LI><a href="#[95]">MDMA_IRQHandler</a> from startup_stm32h743xx.o(.text) referenced from startup_stm32h743xx.o(RESET)
 <LI><a href="#[1a]">MemManage_Handler</a> from startup_stm32h743xx.o(.text) referenced from startup_stm32h743xx.o(RESET)
 <LI><a href="#[18]">NMI_Handler</a> from startup_stm32h743xx.o(.text) referenced from startup_stm32h743xx.o(RESET)
 <LI><a href="#[7e]">OTG_FS_EP1_IN_IRQHandler</a> from startup_stm32h743xx.o(.text) referenced from startup_stm32h743xx.o(RESET)
 <LI><a href="#[7d]">OTG_FS_EP1_OUT_IRQHandler</a> from startup_stm32h743xx.o(.text) referenced from startup_stm32h743xx.o(RESET)
 <LI><a href="#[80]">OTG_FS_IRQHandler</a> from drv_usb.o(.text.OTG_FS_IRQHandler) referenced from startup_stm32h743xx.o(RESET)
 <LI><a href="#[7f]">OTG_FS_WKUP_IRQHandler</a> from startup_stm32h743xx.o(.text) referenced from startup_stm32h743xx.o(RESET)
 <LI><a href="#[67]">OTG_HS_EP1_IN_IRQHandler</a> from startup_stm32h743xx.o(.text) referenced from startup_stm32h743xx.o(RESET)
 <LI><a href="#[66]">OTG_HS_EP1_OUT_IRQHandler</a> from startup_stm32h743xx.o(.text) referenced from startup_stm32h743xx.o(RESET)
 <LI><a href="#[69]">OTG_HS_IRQHandler</a> from startup_stm32h743xx.o(.text) referenced from startup_stm32h743xx.o(RESET)
 <LI><a href="#[68]">OTG_HS_WKUP_IRQHandler</a> from startup_stm32h743xx.o(.text) referenced from startup_stm32h743xx.o(RESET)
 <LI><a href="#[22]">PVD_AVD_IRQHandler</a> from startup_stm32h743xx.o(.text) referenced from startup_stm32h743xx.o(RESET)
 <LI><a href="#[1f]">PendSV_Handler</a> from port.o(.text.PendSV_Handler) referenced from startup_stm32h743xx.o(RESET)
 <LI><a href="#[77]">QUADSPI_IRQHandler</a> from drv_flash.o(.text.QUADSPI_IRQHandler) referenced from startup_stm32h743xx.o(RESET)
 <LI><a href="#[26]">RCC_IRQHandler</a> from startup_stm32h743xx.o(.text) referenced from startup_stm32h743xx.o(RESET)
 <LI><a href="#[6b]">RNG_IRQHandler</a> from startup_stm32h743xx.o(.text) referenced from startup_stm32h743xx.o(RESET)
 <LI><a href="#[4a]">RTC_Alarm_IRQHandler</a> from startup_stm32h743xx.o(.text) referenced from startup_stm32h743xx.o(RESET)
 <LI><a href="#[24]">RTC_WKUP_IRQHandler</a> from startup_stm32h743xx.o(.text) referenced from startup_stm32h743xx.o(RESET)
 <LI><a href="#[17]">Reset_Handler</a> from startup_stm32h743xx.o(.text) referenced from startup_stm32h743xx.o(RESET)
 <LI><a href="#[72]">SAI1_IRQHandler</a> from startup_stm32h743xx.o(.text) referenced from startup_stm32h743xx.o(RESET)
 <LI><a href="#[76]">SAI2_IRQHandler</a> from startup_stm32h743xx.o(.text) referenced from startup_stm32h743xx.o(RESET)
 <LI><a href="#[8d]">SAI3_IRQHandler</a> from startup_stm32h743xx.o(.text) referenced from startup_stm32h743xx.o(RESET)
 <LI><a href="#[aa]">SAI4_IRQHandler</a> from startup_stm32h743xx.o(.text) referenced from startup_stm32h743xx.o(RESET)
 <LI><a href="#[51]">SDMMC1_IRQHandler</a> from drv_sdmmc.o(.text.SDMMC1_IRQHandler) referenced from startup_stm32h743xx.o(RESET)
 <LI><a href="#[96]">SDMMC2_IRQHandler</a> from startup_stm32h743xx.o(.text) referenced from startup_stm32h743xx.o(RESET)
 <LI><a href="#[10a]">SD_initialize</a> from sd_diskio.o(.text.SD_initialize) referenced from sd_diskio.o(.rodata.SD_Driver)
 <LI><a href="#[10e]">SD_ioctl</a> from sd_diskio.o(.text.SD_ioctl) referenced from sd_diskio.o(.rodata.SD_Driver)
 <LI><a href="#[10c]">SD_read</a> from sd_diskio.o(.text.SD_read) referenced from sd_diskio.o(.rodata.SD_Driver)
 <LI><a href="#[10b]">SD_status</a> from sd_diskio.o(.text.SD_status) referenced from sd_diskio.o(.rodata.SD_Driver)
 <LI><a href="#[10d]">SD_write</a> from sd_diskio.o(.text.SD_write) referenced from sd_diskio.o(.rodata.SD_Driver)
 <LI><a href="#[7c]">SPDIF_RX_IRQHandler</a> from startup_stm32h743xx.o(.text) referenced from startup_stm32h743xx.o(RESET)
 <LI><a href="#[44]">SPI1_IRQHandler</a> from startup_stm32h743xx.o(.text) referenced from startup_stm32h743xx.o(RESET)
 <LI><a href="#[45]">SPI2_IRQHandler</a> from startup_stm32h743xx.o(.text) referenced from startup_stm32h743xx.o(RESET)
 <LI><a href="#[53]">SPI3_IRQHandler</a> from startup_stm32h743xx.o(.text) referenced from startup_stm32h743xx.o(RESET)
 <LI><a href="#[6f]">SPI4_IRQHandler</a> from drv_oled.o(.text.SPI4_IRQHandler) referenced from startup_stm32h743xx.o(RESET)
 <LI><a href="#[70]">SPI5_IRQHandler</a> from startup_stm32h743xx.o(.text) referenced from startup_stm32h743xx.o(RESET)
 <LI><a href="#[71]">SPI6_IRQHandler</a> from startup_stm32h743xx.o(.text) referenced from startup_stm32h743xx.o(RESET)
 <LI><a href="#[1d]">SVC_Handler</a> from port.o(.text.SVC_Handler) referenced from startup_stm32h743xx.o(RESET)
 <LI><a href="#[8e]">SWPMI1_IRQHandler</a> from startup_stm32h743xx.o(.text) referenced from startup_stm32h743xx.o(RESET)
 <LI><a href="#[20]">SysTick_Handler</a> from port.o(.text.SysTick_Handler) referenced from startup_stm32h743xx.o(RESET)
 <LI><a href="#[ac]">SystemInit</a> from system_stm32h7xx.o(.text.SystemInit) referenced from startup_stm32h743xx.o(.text)
 <LI><a href="#[23]">TAMP_STAMP_IRQHandler</a> from startup_stm32h743xx.o(.text) referenced from startup_stm32h743xx.o(RESET)
 <LI><a href="#[8f]">TIM15_IRQHandler</a> from startup_stm32h743xx.o(.text) referenced from startup_stm32h743xx.o(RESET)
 <LI><a href="#[90]">TIM16_IRQHandler</a> from drv_sensors.o(.text.TIM16_IRQHandler) referenced from startup_stm32h743xx.o(RESET)
 <LI><a href="#[91]">TIM17_IRQHandler</a> from drv_sensors.o(.text.TIM17_IRQHandler) referenced from startup_stm32h743xx.o(RESET)
 <LI><a href="#[39]">TIM1_BRK_IRQHandler</a> from startup_stm32h743xx.o(.text) referenced from startup_stm32h743xx.o(RESET)
 <LI><a href="#[3c]">TIM1_CC_IRQHandler</a> from drv_rcppm.o(.text.TIM1_CC_IRQHandler) referenced from startup_stm32h743xx.o(RESET)
 <LI><a href="#[b5]">TIM1_IRQHandlerTCB</a> from drv_rcppm.o(.text.TIM1_IRQHandlerTCB) referenced 2 times from drv_rcppm.o(.text.TIM1_CC_IRQHandler)
 <LI><a href="#[3b]">TIM1_TRG_COM_IRQHandler</a> from startup_stm32h743xx.o(.text) referenced from startup_stm32h743xx.o(RESET)
 <LI><a href="#[3a]">TIM1_UP_IRQHandler</a> from startup_stm32h743xx.o(.text) referenced from startup_stm32h743xx.o(RESET)
 <LI><a href="#[3d]">TIM2_IRQHandler</a> from startup_stm32h743xx.o(.text) referenced from startup_stm32h743xx.o(RESET)
 <LI><a href="#[3e]">TIM3_IRQHandler</a> from startup_stm32h743xx.o(.text) referenced from startup_stm32h743xx.o(RESET)
 <LI><a href="#[3f]">TIM4_IRQHandler</a> from drv_adc.o(.text.TIM4_IRQHandler) referenced from startup_stm32h743xx.o(RESET)
 <LI><a href="#[52]">TIM5_IRQHandler</a> from timebase.o(.text.TIM5_IRQHandler) referenced from startup_stm32h743xx.o(RESET)
 <LI><a href="#[56]">TIM6_DAC_IRQHandler</a> from startup_stm32h743xx.o(.text) referenced from startup_stm32h743xx.o(RESET)
 <LI><a href="#[57]">TIM7_IRQHandler</a> from startup_stm32h743xx.o(.text) referenced from startup_stm32h743xx.o(RESET)
 <LI><a href="#[4b]">TIM8_BRK_TIM12_IRQHandler</a> from drv_ultrasonic.o(.text.TIM8_BRK_TIM12_IRQHandler) referenced from startup_stm32h743xx.o(RESET)
 <LI><a href="#[4e]">TIM8_CC_IRQHandler</a> from startup_stm32h743xx.o(.text) referenced from startup_stm32h743xx.o(RESET)
 <LI><a href="#[4d]">TIM8_TRG_COM_TIM14_IRQHandler</a> from startup_stm32h743xx.o(.text) referenced from startup_stm32h743xx.o(RESET)
 <LI><a href="#[4c]">TIM8_UP_TIM13_IRQHandler</a> from startup_stm32h743xx.o(.text) referenced from startup_stm32h743xx.o(RESET)
 <LI><a href="#[54]">UART4_IRQHandler</a> from startup_stm32h743xx.o(.text) referenced from startup_stm32h743xx.o(RESET)
 <LI><a href="#[55]">UART5_IRQHandler</a> from drv_uart5.o(.text.UART5_IRQHandler) referenced from startup_stm32h743xx.o(RESET)
 <LI><a href="#[6d]">UART7_IRQHandler</a> from drv_uart7.o(.text.UART7_IRQHandler) referenced from startup_stm32h743xx.o(RESET)
 <LI><a href="#[6e]">UART8_IRQHandler</a> from drv_uart8.o(.text.UART8_IRQHandler) referenced from startup_stm32h743xx.o(RESET)
 <LI><a href="#[46]">USART1_IRQHandler</a> from drv_uart1.o(.text.USART1_IRQHandler) referenced from startup_stm32h743xx.o(RESET)
 <LI><a href="#[47]">USART2_IRQHandler</a> from drv_rcsbus.o(.text.USART2_IRQHandler) referenced from startup_stm32h743xx.o(RESET)
 <LI><a href="#[bb]">USART2_IRQHandlerTCB</a> from drv_rcsbus.o(.text.USART2_IRQHandlerTCB) referenced 2 times from drv_rcsbus.o(.text.USART2_IRQHandler)
 <LI><a href="#[48]">USART3_IRQHandler</a> from drv_uart3.o(.text.USART3_IRQHandler) referenced from startup_stm32h743xx.o(RESET)
 <LI><a href="#[63]">USART6_IRQHandler</a> from startup_stm32h743xx.o(.text) referenced from startup_stm32h743xx.o(RESET)
 <LI><a href="#[b]">USBD_CDC_DataIn</a> from usbd_cdc.o(.text.USBD_CDC_DataIn) referenced 2 times from usbd_cdc.o(.data.USBD_CDC)
 <LI><a href="#[c]">USBD_CDC_DataOut</a> from usbd_cdc.o(.text.USBD_CDC_DataOut) referenced 2 times from usbd_cdc.o(.data.USBD_CDC)
 <LI><a href="#[8]">USBD_CDC_DeInit</a> from usbd_cdc.o(.text.USBD_CDC_DeInit) referenced 2 times from usbd_cdc.o(.data.USBD_CDC)
 <LI><a href="#[a]">USBD_CDC_EP0_RxReady</a> from usbd_cdc.o(.text.USBD_CDC_EP0_RxReady) referenced 2 times from usbd_cdc.o(.data.USBD_CDC)
 <LI><a href="#[10]">USBD_CDC_GetDeviceQualifierDescriptor</a> from usbd_cdc.o(.text.USBD_CDC_GetDeviceQualifierDescriptor) referenced 2 times from usbd_cdc.o(.data.USBD_CDC)
 <LI><a href="#[e]">USBD_CDC_GetFSCfgDesc</a> from usbd_cdc.o(.text.USBD_CDC_GetFSCfgDesc) referenced 2 times from usbd_cdc.o(.data.USBD_CDC)
 <LI><a href="#[d]">USBD_CDC_GetHSCfgDesc</a> from usbd_cdc.o(.text.USBD_CDC_GetHSCfgDesc) referenced 2 times from usbd_cdc.o(.data.USBD_CDC)
 <LI><a href="#[f]">USBD_CDC_GetOtherSpeedCfgDesc</a> from usbd_cdc.o(.text.USBD_CDC_GetOtherSpeedCfgDesc) referenced 2 times from usbd_cdc.o(.data.USBD_CDC)
 <LI><a href="#[7]">USBD_CDC_Init</a> from usbd_cdc.o(.text.USBD_CDC_Init) referenced 2 times from usbd_cdc.o(.data.USBD_CDC)
 <LI><a href="#[9]">USBD_CDC_Setup</a> from usbd_cdc.o(.text.USBD_CDC_Setup) referenced 2 times from usbd_cdc.o(.data.USBD_CDC)
 <LI><a href="#[5]">USBD_FS_ConfigStrDescriptor</a> from usbd_desc.o(.text.USBD_FS_ConfigStrDescriptor) referenced 2 times from usbd_desc.o(.data.FS_Desc)
 <LI><a href="#[0]">USBD_FS_DeviceDescriptor</a> from usbd_desc.o(.text.USBD_FS_DeviceDescriptor) referenced 2 times from usbd_desc.o(.data.FS_Desc)
 <LI><a href="#[6]">USBD_FS_InterfaceStrDescriptor</a> from usbd_desc.o(.text.USBD_FS_InterfaceStrDescriptor) referenced 2 times from usbd_desc.o(.data.FS_Desc)
 <LI><a href="#[1]">USBD_FS_LangIDStrDescriptor</a> from usbd_desc.o(.text.USBD_FS_LangIDStrDescriptor) referenced 2 times from usbd_desc.o(.data.FS_Desc)
 <LI><a href="#[2]">USBD_FS_ManufacturerStrDescriptor</a> from usbd_desc.o(.text.USBD_FS_ManufacturerStrDescriptor) referenced 2 times from usbd_desc.o(.data.FS_Desc)
 <LI><a href="#[3]">USBD_FS_ProductStrDescriptor</a> from usbd_desc.o(.text.USBD_FS_ProductStrDescriptor) referenced 2 times from usbd_desc.o(.data.FS_Desc)
 <LI><a href="#[4]">USBD_FS_SerialStrDescriptor</a> from usbd_desc.o(.text.USBD_FS_SerialStrDescriptor) referenced 2 times from usbd_desc.o(.data.FS_Desc)
 <LI><a href="#[1c]">UsageFault_Handler</a> from startup_stm32h743xx.o(.text) referenced from startup_stm32h743xx.o(RESET)
 <LI><a href="#[ab]">WAKEUP_PIN_IRQHandler</a> from startup_stm32h743xx.o(.text) referenced from startup_stm32h743xx.o(RESET)
 <LI><a href="#[21]">WWDG_IRQHandler</a> from startup_stm32h743xx.o(.text) referenced from startup_stm32h743xx.o(RESET)
 <LI><a href="#[14c]">_GLOBAL__sub_I_Commulink.cpp</a> from commulink.o(.text._GLOBAL__sub_I_Commulink.cpp) referenced from commulink.o(.init_array)
 <LI><a href="#[13f]">_GLOBAL__sub_I_GUI.cpp</a> from gui.o(.text._GLOBAL__sub_I_GUI.cpp) referenced from gui.o(.init_array)
 <LI><a href="#[14f]">_GLOBAL__sub_I_MS_Attitude.cpp</a> from ms_attitude.o(.text._GLOBAL__sub_I_MS_Attitude.cpp) referenced from ms_attitude.o(.init_array)
 <LI><a href="#[150]">_GLOBAL__sub_I_MS_Position.cpp</a> from ms_position.o(.text._GLOBAL__sub_I_MS_Position.cpp) referenced from ms_position.o(.init_array)
 <LI><a href="#[140]">_GLOBAL__sub_I_Missions.cpp</a> from missions.o(.text._GLOBAL__sub_I_Missions.cpp) referenced from missions.o(.init_array)
 <LI><a href="#[14d]">_GLOBAL__sub_I_Modes.cpp</a> from modes.o(.text._GLOBAL__sub_I_Modes.cpp) referenced from modes.o(.init_array)
 <LI><a href="#[13e]">_GLOBAL__sub_I_Parameters.cpp</a> from parameters.o(.text._GLOBAL__sub_I_Parameters.cpp) referenced from parameters.o(.init_array)
 <LI><a href="#[142]">_GLOBAL__sub_I_Receiver.cpp</a> from receiver.o(.text._GLOBAL__sub_I_Receiver.cpp) referenced from receiver.o(.init_array)
 <LI><a href="#[13d]">_GLOBAL__sub_I_SDStorage.cpp</a> from sdstorage.o(.text._GLOBAL__sub_I_SDStorage.cpp) referenced from sdstorage.o(.init_array)
 <LI><a href="#[141]">_GLOBAL__sub_I_Sensors.cpp</a> from sensors.o(.text._GLOBAL__sub_I_Sensors.cpp) referenced from sensors.o(.init_array)
 <LI><a href="#[14e]">_GLOBAL__sub_I_ctrl_Main.cpp</a> from ctrl_main.o(.text._GLOBAL__sub_I_ctrl_Main.cpp) referenced from ctrl_main.o(.init_array)
 <LI><a href="#[14b]">_GLOBAL__sub_I_drv_ADC.cpp</a> from drv_adc.o(.text._GLOBAL__sub_I_drv_ADC.cpp) referenced from drv_adc.o(.init_array)
 <LI><a href="#[148]">_GLOBAL__sub_I_drv_ExtIIC.cpp</a> from drv_extiic.o(.text._GLOBAL__sub_I_drv_ExtIIC.cpp) referenced from drv_extiic.o(.init_array)
 <LI><a href="#[149]">_GLOBAL__sub_I_drv_ExtMag.cpp</a> from drv_extmag.o(.text._GLOBAL__sub_I_drv_ExtMag.cpp) referenced from drv_extmag.o(.init_array)
 <LI><a href="#[14a]">_GLOBAL__sub_I_drv_Oled.cpp</a> from drv_oled.o(.text._GLOBAL__sub_I_drv_Oled.cpp) referenced from drv_oled.o(.init_array)
 <LI><a href="#[143]">_GLOBAL__sub_I_drv_Uart1.cpp</a> from drv_uart1.o(.text._GLOBAL__sub_I_drv_Uart1.cpp) referenced from drv_uart1.o(.init_array)
 <LI><a href="#[144]">_GLOBAL__sub_I_drv_Uart3.cpp</a> from drv_uart3.o(.text._GLOBAL__sub_I_drv_Uart3.cpp) referenced from drv_uart3.o(.init_array)
 <LI><a href="#[145]">_GLOBAL__sub_I_drv_Uart5.cpp</a> from drv_uart5.o(.text._GLOBAL__sub_I_drv_Uart5.cpp) referenced from drv_uart5.o(.init_array)
 <LI><a href="#[146]">_GLOBAL__sub_I_drv_Uart7.cpp</a> from drv_uart7.o(.text._GLOBAL__sub_I_drv_Uart7.cpp) referenced from drv_uart7.o(.init_array)
 <LI><a href="#[147]">_GLOBAL__sub_I_drv_Uart8.cpp</a> from drv_uart8.o(.text._GLOBAL__sub_I_drv_Uart8.cpp) referenced from drv_uart8.o(.init_array)
 <LI><a href="#[d2]">Lock_Uart1(double)</a> from drv_uart1.o(.text._Z10Lock_Uart1d) referenced 2 times from drv_uart1.o(.text._Z14init_drv_Uart1v)
 <LI><a href="#[d3]">Lock_Uart3(double)</a> from drv_uart3.o(.text._Z10Lock_Uart3d) referenced 2 times from drv_uart3.o(.text._Z14init_drv_Uart3v)
 <LI><a href="#[d0]">Read_Uart1(unsigned char*, unsigned short, double, double)</a> from drv_uart1.o(.text._Z10Read_Uart1Phtdd) referenced 2 times from drv_uart1.o(.text._Z14init_drv_Uart1v)
 <LI><a href="#[d5]">Read_Uart3(unsigned char*, unsigned short, double, double)</a> from drv_uart3.o(.text._Z10Read_Uart3Phtdd) referenced 2 times from drv_uart3.o(.text._Z14init_drv_Uart3v)
 <LI><a href="#[d1]">Write_Uart1(const unsigned char*, unsigned short, double, double)</a> from drv_uart1.o(.text._Z11Write_Uart1PKhtdd) referenced 2 times from drv_uart1.o(.text._Z14init_drv_Uart1v)
 <LI><a href="#[d6]">Write_Uart3(const unsigned char*, unsigned short, double, double)</a> from drv_uart3.o(.text._Z11Write_Uart3PKhtdd) referenced 2 times from drv_uart3.o(.text._Z14init_drv_Uart3v)
 <LI><a href="#[c6]">MS_Main_Gyro(void*)</a> from ms_main.o(.text._Z12MS_Main_GyroPv) referenced 2 times from ms_main.o(.text._Z12init_MS_Mainv)
 <LI><a href="#[cf]">Unlock_Uart1()</a> from drv_uart1.o(.text._Z12Unlock_Uart1v) referenced 2 times from drv_uart1.o(.text._Z14init_drv_Uart1v)
 <LI><a href="#[d4]">Unlock_Uart3()</a> from drv_uart3.o(.text._Z12Unlock_Uart3v) referenced 2 times from drv_uart3.o(.text._Z14init_drv_Uart3v)
 <LI><a href="#[ca]">Lock_USBD_VCOM(double)</a> from drv_usb.o(.text._Z14Lock_USBD_VCOMd) referenced 2 times from drv_usb.o(.text._Z12init_drv_USBv)
 <LI><a href="#[cc]">Read_USBD_VCOM(unsigned char*, unsigned short, double, double)</a> from drv_usb.o(.text._Z14Read_USBD_VCOMPhtdd) referenced 2 times from drv_usb.o(.text._Z12init_drv_USBv)
 <LI><a href="#[e3]">DriverInit_task(void*)</a> from main.o(.text._Z15DriverInit_taskPv) referenced 2 times from main.o(.text.main)
 <LI><a href="#[c9]">Write_USBD_VCOM(const unsigned char*, unsigned short, double, double)</a> from drv_usb.o(.text._Z15Write_USBD_VCOMPKhtdd) referenced 2 times from drv_usb.o(.text._Z12init_drv_USBv)
 <LI><a href="#[cb]">Unlock_USBD_VCOM()</a> from drv_usb.o(.text._Z16Unlock_USBD_VCOMv) referenced 2 times from drv_usb.o(.text._Z12init_drv_USBv)
 <LI><a href="#[c7]">MS_Main(void*)</a> from ms_main.o(.text._Z7MS_MainPv) referenced 2 times from ms_main.o(.text._Z12init_MS_Mainv)
 <LI><a href="#[c3]">_ZL10Debug_taskPv</a> from debug.o(.text._ZL10Debug_taskPv) referenced 2 times from debug.o(.text._Z10init_Debugv)
 <LI><a href="#[c8]">_ZL10GPS_ServerPv</a> from drv_gps.o(.text._ZL10GPS_ServerPv) referenced 2 times from drv_gps.o(.text._Z12init_drv_GPSv)
 <LI><a href="#[dd]">_ZL10GUI_ServerPv</a> from gui.o(.text._ZL10GUI_ServerPv) referenced 2 times from gui.o(.text._Z8init_GUIv)
 <LI><a href="#[c4]">_ZL12MSafe_ServerPv</a> from msafe.o(.text._ZL12MSafe_ServerPv) referenced 2 times from msafe.o(.text._Z10init_MSafev)
 <LI><a href="#[c5]">_ZL12Modes_ServerPv</a> from modes.o(.text._ZL12Modes_ServerPv) referenced 2 times from modes.o(.text._Z10init_Modesv)
 <LI><a href="#[b0]">_ZL13BMI088GyroTCBPvj</a> from drv_sensors.o(.text._ZL13BMI088GyroTCBPvj) referenced 2 times from drv_sensors.o(.text.DMA1_Stream1_IRQHandler)
 <LI><a href="#[d7]">_ZL13ExtMag_ServerPv</a> from drv_extmag.o(.text._ZL13ExtMag_ServerPv) referenced 2 times from drv_extmag.o(.text._Z15init_drv_ExtMagv)
 <LI><a href="#[109]">_ZL13Msg74_VFR_HUDhP17__mavlink_message</a> from mavlinksendfuncs.o(.text._ZL13Msg74_VFR_HUDhP17__mavlink_message) referenced from mavlinksendfuncs.o(.rodata.Mavlink_Send_Funcs)
 <LI><a href="#[d8]">_ZL13TFMini_ServerPv</a> from drv_tfmini.o(.text._ZL13TFMini_ServerPv) referenced 2 times from drv_tfmini.o(.text._Z15init_drv_TFMiniv)
 <LI><a href="#[b6]">_ZL13UltrasonicTCBPvj</a> from drv_ultrasonic.o(.text._ZL13UltrasonicTCBPvj) referenced 2 times from drv_ultrasonic.o(.text.TIM8_BRK_TIM12_IRQHandler)
 <LI><a href="#[b1]">_ZL14BMI088AccelTCBPvj</a> from drv_sensors.o(.text._ZL14BMI088AccelTCBPvj) referenced 2 times from drv_sensors.o(.text.DMA1_Stream1_IRQHandler)
 <LI><a href="#[f2]">_ZL14Msg0_HEARTBEAThPK17__mavlink_message</a> from mavlinkrcprocess.o(.text._ZL14Msg0_HEARTBEAThPK17__mavlink_message) referenced from mavlinkrcprocess.o(.rodata.Mavlink_RC_Process)
 <LI><a href="#[f3]">_ZL14Msg11_SET_MODEhPK17__mavlink_message</a> from mavlinkrcprocess.o(.text._ZL14Msg11_SET_MODEhPK17__mavlink_message) referenced from mavlinkrcprocess.o(.rodata.Mavlink_RC_Process)
 <LI><a href="#[103]">_ZL14Msg30_ATTITUDEhP17__mavlink_message</a> from mavlinksendfuncs.o(.text._ZL14Msg30_ATTITUDEhP17__mavlink_message) referenced from mavlinksendfuncs.o(.rodata.Mavlink_Send_Funcs)
 <LI><a href="#[112]">_ZL14NavCmd93_DELAYdhPdP9NavCmdInf</a> from navcmdprocess.o(.text._ZL14NavCmd93_DELAYdhPdP9NavCmdInf) referenced from navcmdprocess.o(.rodata._ZL13NavCmdProcess)
 <LI><a href="#[da]">_ZL15ExtSPL06_ServerPv</a> from drv_extspl06.o(.text._ZL15ExtSPL06_ServerPv) referenced 2 times from drv_extspl06.o(.text._Z18init_drv_ExtMSPL06v)
 <LI><a href="#[f6]">_ZL15Msg23_PARAM_SEThPK17__mavlink_message</a> from mavlinkrcprocess.o(.text._ZL15Msg23_PARAM_SEThPK17__mavlink_message) referenced from mavlinkrcprocess.o(.rodata.Mavlink_RC_Process)
 <LI><a href="#[cd]">_ZL16Commulink_ServerPv</a> from commulink.o(.text._ZL16Commulink_ServerPv) referenced 2 times from commulink.o(.text._Z14init_Commulinkv)
 <LI><a href="#[101]">_ZL16Msg01_SYS_STATUShP17__mavlink_message</a> from mavlinksendfuncs.o(.text._ZL16Msg01_SYS_STATUShP17__mavlink_message) referenced from mavlinksendfuncs.o(.rodata.Mavlink_Send_Funcs)
 <LI><a href="#[111]">_ZL16NavCmd22_TAKEOFFdhPdP9NavCmdInf</a> from navcmdprocess.o(.text._ZL16NavCmd22_TAKEOFFdhPdP9NavCmdInf) referenced from navcmdprocess.o(.rodata._ZL13NavCmdProcess)
 <LI><a href="#[102]">_ZL17Msg24_GPS_RAW_INThP17__mavlink_message</a> from mavlinksendfuncs.o(.text._ZL17Msg24_GPS_RAW_INThP17__mavlink_message) referenced from mavlinksendfuncs.o(.rodata.Mavlink_Send_Funcs)
 <LI><a href="#[108]">_ZL17Msg65_RC_CHANNELShP17__mavlink_message</a> from mavlinksendfuncs.o(.text._ZL17Msg65_RC_CHANNELShP17__mavlink_message) referenced from mavlinksendfuncs.o(.rodata.Mavlink_Send_Funcs)
 <LI><a href="#[10f]">_ZL17NavCmd16_WAYPOINTdhPdP9NavCmdInf</a> from navcmdprocess.o(.text._ZL17NavCmd16_WAYPOINTdhPdP9NavCmdInf) referenced from navcmdprocess.o(.rodata._ZL13NavCmdProcess)
 <LI><a href="#[d9]">_ZL18ControlSystem_TaskPv</a> from ctrl_main.o(.text._ZL18ControlSystem_TaskPv) referenced 2 times from ctrl_main.o(.text._Z18init_ControlSystemv)
 <LI><a href="#[f7]">_ZL18Msg39_MISSION_ITEMhPK17__mavlink_message</a> from mavlinkrcprocess.o(.text._ZL18Msg39_MISSION_ITEMhPK17__mavlink_message) referenced from mavlinkrcprocess.o(.rodata.Mavlink_RC_Process)
 <LI><a href="#[100]">_ZL18Msg76_COMMAND_LONGhPK17__mavlink_message</a> from mavlinkrcprocess.o(.text._ZL18Msg76_COMMAND_LONGhPK17__mavlink_message) referenced from mavlinkrcprocess.o(.rodata.Mavlink_RC_Process)
 <LI><a href="#[dc]">_ZL18OpticalFlow_ServerPv</a> from drv_opticalflow.o(.text._ZL18OpticalFlow_ServerPv) referenced 2 times from drv_opticalflow.o(.text._Z20init_drv_OpticalFlowv)
 <LI><a href="#[fb]">_ZL19Msg44_MISSION_COUNThPK17__mavlink_message</a> from mavlinkrcprocess.o(.text._ZL19Msg44_MISSION_COUNThPK17__mavlink_message) referenced from mavlinkrcprocess.o(.rodata.Mavlink_RC_Process)
 <LI><a href="#[ef]">_ZL21Cmd12_MAV_CMD_SET_RTChPK17__mavlink_message</a> from mavlinkcmdprocess.o(.text._ZL21Cmd12_MAV_CMD_SET_RTChPK17__mavlink_message) referenced from mavlinkcmdprocess.o(.rodata.Mavlink_CMD_Process)
 <LI><a href="#[f8]">_ZL21Msg40_MISSION_REQUESThPK17__mavlink_message</a> from mavlinkrcprocess.o(.text._ZL21Msg40_MISSION_REQUESThPK17__mavlink_message) referenced from mavlinkrcprocess.o(.rodata.Mavlink_RC_Process)
 <LI><a href="#[ed]">_ZL22Cmd10_MAV_CMD_SEND_WGAhPK17__mavlink_message</a> from mavlinkcmdprocess.o(.text._ZL22Cmd10_MAV_CMD_SEND_WGAhPK17__mavlink_message) referenced from mavlinkcmdprocess.o(.rodata.Mavlink_CMD_Process)
 <LI><a href="#[ff]">_ZL22Msg73_MISSION_ITEM_INThPK17__mavlink_message</a> from mavlinkrcprocess.o(.text._ZL22Msg73_MISSION_ITEM_INThPK17__mavlink_message) referenced from mavlinkrcprocess.o(.rodata.Mavlink_RC_Process)
 <LI><a href="#[ee]">_ZL23Cmd11_MAV_CMD_WRITE_WGAhPK17__mavlink_message</a> from mavlinkcmdprocess.o(.text._ZL23Cmd11_MAV_CMD_WRITE_WGAhPK17__mavlink_message) referenced from mavlinkcmdprocess.o(.rodata.Mavlink_CMD_Process)
 <LI><a href="#[fc]">_ZL23Msg45_MISSION_CLEAR_ALLhPK17__mavlink_message</a> from mavlinkrcprocess.o(.text._ZL23Msg45_MISSION_CLEAR_ALLhPK17__mavlink_message) referenced from mavlinkrcprocess.o(.rodata.Mavlink_RC_Process)
 <LI><a href="#[db]">_ZL23UltrasonicTimerCallbackPv</a> from drv_ultrasonic.o(.text._ZL23UltrasonicTimerCallbackPv) referenced 2 times from drv_ultrasonic.o(.text._Z19init_drv_ultrasonicv)
 <LI><a href="#[f4]">_ZL24Msg20_PARAM_REQUEST_READhPK17__mavlink_message</a> from mavlinkrcprocess.o(.text._ZL24Msg20_PARAM_REQUEST_READhPK17__mavlink_message) referenced from mavlinkrcprocess.o(.rodata.Mavlink_RC_Process)
 <LI><a href="#[f5]">_ZL24Msg21_PARAM_REQUEST_LISThPK17__mavlink_message</a> from mavlinkrcprocess.o(.text._ZL24Msg21_PARAM_REQUEST_LISThPK17__mavlink_message) referenced from mavlinkrcprocess.o(.rodata.Mavlink_RC_Process)
 <LI><a href="#[105]">_ZL24Msg32_LOCAL_POSITION_NEDhP17__mavlink_message</a> from mavlinksendfuncs.o(.text._ZL24Msg32_LOCAL_POSITION_NEDhP17__mavlink_message) referenced from mavlinksendfuncs.o(.rodata.Mavlink_Send_Funcs)
 <LI><a href="#[107]">_ZL24Msg34_RC_CHANNELS_SCALEDhP17__mavlink_message</a> from mavlinksendfuncs.o(.text._ZL24Msg34_RC_CHANNELS_SCALEDhP17__mavlink_message) referenced from mavlinksendfuncs.o(.rodata.Mavlink_Send_Funcs)
 <LI><a href="#[104]">_ZL25Msg31_ATTITUDE_QUATERNIONhP17__mavlink_message</a> from mavlinksendfuncs.o(.text._ZL25Msg31_ATTITUDE_QUATERNIONhP17__mavlink_message) referenced from mavlinksendfuncs.o(.rodata.Mavlink_Send_Funcs)
 <LI><a href="#[106]">_ZL25Msg33_GLOBAL_POSITION_INThP17__mavlink_message</a> from mavlinksendfuncs.o(.text._ZL25Msg33_GLOBAL_POSITION_INThP17__mavlink_message) referenced from mavlinksendfuncs.o(.rodata.Mavlink_Send_Funcs)
 <LI><a href="#[f9]">_ZL25Msg41_MISSION_SET_CURRENThPK17__mavlink_message</a> from mavlinkrcprocess.o(.text._ZL25Msg41_MISSION_SET_CURRENThPK17__mavlink_message) referenced from mavlinkrcprocess.o(.rodata.Mavlink_RC_Process)
 <LI><a href="#[fd]">_ZL25Msg51_MISSION_REQUEST_INThPK17__mavlink_message</a> from mavlinkrcprocess.o(.text._ZL25Msg51_MISSION_REQUEST_INThPK17__mavlink_message) referenced from mavlinkrcprocess.o(.rodata.Mavlink_RC_Process)
 <LI><a href="#[fe]">_ZL25Msg66_REQUEST_DATA_STREAMhPK17__mavlink_message</a> from mavlinkrcprocess.o(.text._ZL25Msg66_REQUEST_DATA_STREAMhPK17__mavlink_message) referenced from mavlinkrcprocess.o(.rodata.Mavlink_RC_Process)
 <LI><a href="#[110]">_ZL25NavCmd20_RETURN_TO_LAUNCHdhPdP9NavCmdInf</a> from navcmdprocess.o(.text._ZL25NavCmd20_RETURN_TO_LAUNCHdhPdP9NavCmdInf) referenced from navcmdprocess.o(.rodata._ZL13NavCmdProcess)
 <LI><a href="#[fa]">_ZL26Msg43_MISSION_REQUEST_LISThPK17__mavlink_message</a> from mavlinkrcprocess.o(.text._ZL26Msg43_MISSION_REQUEST_LISThPK17__mavlink_message) referenced from mavlinkrcprocess.o(.rodata.Mavlink_RC_Process)
 <LI><a href="#[f0]">_ZL35Cmd511_MAV_CMD_SET_MESSAGE_INTERVALhPK17__mavlink_message</a> from mavlinkcmdprocess.o(.text._ZL35Cmd511_MAV_CMD_SET_MESSAGE_INTERVALhPK17__mavlink_message) referenced from mavlinkcmdprocess.o(.rodata.Mavlink_CMD_Process)
 <LI><a href="#[113]">_ZL38InflightCmd178_MAV_CMD_DO_CHANGE_SPEEDtPd</a> from inflightcmdprocess.o(.text._ZL38InflightCmd178_MAV_CMD_DO_CHANGE_SPEEDtPd) referenced from inflightcmdprocess.o(.rodata._ZL18InflightCmdProcess)
 <LI><a href="#[f1]">_ZL39Cmd519_MAV_CMD_REQUEST_PROTOCOL_VERSIONhPK17__mavlink_message</a> from mavlinkcmdprocess.o(.text._ZL39Cmd519_MAV_CMD_REQUEST_PROTOCOL_VERSIONhPK17__mavlink_message) referenced from mavlinkcmdprocess.o(.rodata.Mavlink_CMD_Process)
 <LI><a href="#[114]">_ZL39InflightCmd205_MAV_CMD_DO_MOUNT_CONTROLtPd</a> from inflightcmdprocess.o(.text._ZL39InflightCmd205_MAV_CMD_DO_MOUNT_CONTROLtPd) referenced from inflightcmdprocess.o(.rodata._ZL18InflightCmdProcess)
 <LI><a href="#[115]">_ZL44InflightCmd206_MAV_CMD_DO_SET_CAM_TRIGG_DISTtPd</a> from inflightcmdprocess.o(.text._ZL44InflightCmd206_MAV_CMD_DO_SET_CAM_TRIGG_DISTtPd) referenced from inflightcmdprocess.o(.rodata._ZL18InflightCmdProcess)
 <LI><a href="#[b7]">_ZL5TxTCBPvj</a> from drv_uart5.o(.text._ZL5TxTCBPvj) referenced 2 times from drv_uart5.o(.text.UART5_IRQHandler)
 <LI><a href="#[b8]">_ZL5TxTCBPvj</a> from drv_uart7.o(.text._ZL5TxTCBPvj) referenced 2 times from drv_uart7.o(.text.UART7_IRQHandler)
 <LI><a href="#[b9]">_ZL5TxTCBPvj</a> from drv_uart8.o(.text._ZL5TxTCBPvj) referenced 2 times from drv_uart8.o(.text.UART8_IRQHandler)
 <LI><a href="#[ba]">_ZL5TxTCBPvj</a> from drv_uart1.o(.text._ZL5TxTCBPvj) referenced 2 times from drv_uart1.o(.text.USART1_IRQHandler)
 <LI><a href="#[bc]">_ZL5TxTCBPvj</a> from drv_uart3.o(.text._ZL5TxTCBPvj) referenced 2 times from drv_uart3.o(.text.USART3_IRQHandler)
 <LI><a href="#[ce]">_ZL8SDS_TaskPv</a> from sdstorage.o(.text._ZL8SDS_TaskPv) referenced 2 times from sdstorage.o(.text._Z14init_SDStoragev)
 <LI><a href="#[b3]">_ZL8SPL06TCBPvj</a> from drv_sensors.o(.text._ZL8SPL06TCBPvj) referenced 2 times from drv_sensors.o(.text.DMA1_Stream1_IRQHandler)
 <LI><a href="#[b2]">_ZL9AK8975TCBPvj</a> from drv_sensors.o(.text._ZL9AK8975TCBPvj) referenced 2 times from drv_sensors.o(.text.DMA1_Stream1_IRQHandler)
 <LI><a href="#[11e]">__cxxabiv1::__shim_type_info::~__shim_type_info__sub_object()</a> from private_typeinfo.cpp.o(.text._ZN10__cxxabiv116__shim_type_infoD2Ev) referenced from private_typeinfo.cpp.o(.rodata._ZTVN10__cxxabiv117__class_type_infoE)
 <LI><a href="#[11e]">__cxxabiv1::__shim_type_info::~__shim_type_info__sub_object()</a> from private_typeinfo.cpp.o(.text._ZN10__cxxabiv116__shim_type_infoD2Ev) referenced from private_typeinfo.cpp.o(.rodata._ZTVN10__cxxabiv120__si_class_type_infoE)
 <LI><a href="#[11f]">__cxxabiv1::__class_type_info::~__class_type_info__deallocating()</a> from private_typeinfo.cpp.o(.text._ZN10__cxxabiv117__class_type_infoD0Ev) referenced from private_typeinfo.cpp.o(.rodata._ZTVN10__cxxabiv117__class_type_infoE)
 <LI><a href="#[126]">__cxxabiv1::__si_class_type_info::~__si_class_type_info__deallocating()</a> from private_typeinfo.cpp.o(.text._ZN10__cxxabiv120__si_class_type_infoD0Ev) referenced from private_typeinfo.cpp.o(.rodata._ZTVN10__cxxabiv120__si_class_type_infoE)
 <LI><a href="#[e2]">_ZN10__cxxabiv1L22exception_cleanup_funcE19_Unwind_Reason_CodeP21_Unwind_Control_Block</a> from cxa_exception.cpp.o(.text._ZN10__cxxabiv1L22exception_cleanup_funcE19_Unwind_Reason_CodeP21_Unwind_Control_Block) referenced 2 times from cxa_exception.cpp.o(.text.__cxa_throw)
 <LI><a href="#[116]">M10_RCCalib::main_func(void*, unsigned)</a> from m10_rccalib.o(.text._ZN11M10_RCCalib9main_funcEPvj) referenced from m10_rccalib.o(.rodata._ZTV11M10_RCCalib)
 <LI><a href="#[117]">M30_AttCtrl::main_func(void*, unsigned)</a> from m30_attctrl.o(.text._ZN11M30_AttCtrl9main_funcEPvj) referenced from m30_attctrl.o(.rodata._ZTV11M30_AttCtrl)
 <LI><a href="#[118]">M32_PosCtrl::main_func(void*, unsigned)</a> from m32_posctrl.o(.text._ZN11M32_PosCtrl9main_funcEPvj) referenced from m32_posctrl.o(.rodata._ZTV11M32_PosCtrl)
 <LI><a href="#[119]">M12_AccCalib::main_func(void*, unsigned)</a> from m12_acccalib.o(.text._ZN12M12_AccCalib9main_funcEPvj) referenced from m12_acccalib.o(.rodata._ZTV12M12_AccCalib)
 <LI><a href="#[11a]">M13_MagCalib::main_func(void*, unsigned)</a> from m13_magcalib.o(.text._ZN12M13_MagCalib9main_funcEPvj) referenced from m13_magcalib.o(.rodata._ZTV12M13_MagCalib)
 <LI><a href="#[11b]">M11_TempCalib::main_func(void*, unsigned)</a> from m11_tempcalib.o(.text._ZN13M11_TempCalib9main_funcEPvj) referenced from m11_tempcalib.o(.rodata._ZTV13M11_TempCalib)
 <LI><a href="#[11c]">M35_Auto1::main_func(void*, unsigned)</a> from m35_auto1.o(.text._ZN9M35_Auto19main_funcEPvj) referenced from m35_auto1.o(.rodata._ZTV9M35_Auto1)
 <LI><a href="#[bf]">RingQueue&lang;Quaternion&rang;::~RingQueue__sub_object()</a> from ms_attitude.o(.text._ZN9RingQueueI10QuaternionED2Ev) referenced 2 times from ms_attitude.o(.text._GLOBAL__sub_I_MS_Attitude.cpp)
 <LI><a href="#[be]">RingQueue&lang;vector3&lang;double&rang;&rang;::~RingQueue__sub_object()</a> from ms_attitude.o(.text._ZN9RingQueueI7vector3IdEED2Ev) referenced 2 times from ms_attitude.o(.text._GLOBAL__sub_I_MS_Attitude.cpp)
 <LI><a href="#[be]">RingQueue&lang;vector3&lang;double&rang;&rang;::~RingQueue__sub_object()</a> from ms_attitude.o(.text._ZN9RingQueueI7vector3IdEED2Ev) referenced 2 times from ms_position.o(.text._GLOBAL__sub_I_MS_Position.cpp)
 <LI><a href="#[139]">libunwind::UnwindCursor&lang;libunwind::LocalAddressSpace, libunwind::Registers_arm&rang;::saveVFPAsX()</a> from libunwind.cpp.o(.text._ZN9libunwind12UnwindCursorINS_17LocalAddressSpaceENS_13Registers_armEE10saveVFPAsXEv) referenced from libunwind.cpp.o(.rodata._ZTVN9libunwind12UnwindCursorINS_17LocalAddressSpaceENS_13Registers_armEEE)
 <LI><a href="#[130]">libunwind::UnwindCursor&lang;libunwind::LocalAddressSpace, libunwind::Registers_arm&rang;::getFloatReg(int)</a> from libunwind.cpp.o(.text._ZN9libunwind12UnwindCursorINS_17LocalAddressSpaceENS_13Registers_armEE11getFloatRegEi) referenced from libunwind.cpp.o(.rodata._ZTVN9libunwind12UnwindCursorINS_17LocalAddressSpaceENS_13Registers_armEEE)
 <LI><a href="#[131]">libunwind::UnwindCursor&lang;libunwind::LocalAddressSpace, libunwind::Registers_arm&rang;::setFloatReg(int, unsigned long long)</a> from libunwind.cpp.o(.text._ZN9libunwind12UnwindCursorINS_17LocalAddressSpaceENS_13Registers_armEE11setFloatRegEiy) referenced from libunwind.cpp.o(.rodata._ZTVN9libunwind12UnwindCursorINS_17LocalAddressSpaceENS_13Registers_armEEE)
 <LI><a href="#[135]">libunwind::UnwindCursor&lang;libunwind::LocalAddressSpace, libunwind::Registers_arm&rang;::isSignalFrame()</a> from libunwind.cpp.o(.text._ZN9libunwind12UnwindCursorINS_17LocalAddressSpaceENS_13Registers_armEE13isSignalFrameEv) referenced from libunwind.cpp.o(.rodata._ZTVN9libunwind12UnwindCursorINS_17LocalAddressSpaceENS_13Registers_armEEE)
 <LI><a href="#[12f]">libunwind::UnwindCursor&lang;libunwind::LocalAddressSpace, libunwind::Registers_arm&rang;::validFloatReg(int)</a> from libunwind.cpp.o(.text._ZN9libunwind12UnwindCursorINS_17LocalAddressSpaceENS_13Registers_armEE13validFloatRegEi) referenced from libunwind.cpp.o(.rodata._ZTVN9libunwind12UnwindCursorINS_17LocalAddressSpaceENS_13Registers_armEEE)
 <LI><a href="#[136]">libunwind::UnwindCursor&lang;libunwind::LocalAddressSpace, libunwind::Registers_arm&rang;::getFunctionName(char*, unsigned, unsigned*)</a> from libunwind.cpp.o(.text._ZN9libunwind12UnwindCursorINS_17LocalAddressSpaceENS_13Registers_armEE15getFunctionNameEPcjPj) referenced from libunwind.cpp.o(.rodata._ZTVN9libunwind12UnwindCursorINS_17LocalAddressSpaceENS_13Registers_armEEE)
 <LI><a href="#[138]">libunwind::UnwindCursor&lang;libunwind::LocalAddressSpace, libunwind::Registers_arm&rang;::getRegisterName(int)</a> from libunwind.cpp.o(.text._ZN9libunwind12UnwindCursorINS_17LocalAddressSpaceENS_13Registers_armEE15getRegisterNameEi) referenced from libunwind.cpp.o(.rodata._ZTVN9libunwind12UnwindCursorINS_17LocalAddressSpaceENS_13Registers_armEEE)
 <LI><a href="#[137]">libunwind::UnwindCursor&lang;libunwind::LocalAddressSpace, libunwind::Registers_arm&rang;::setInfoBasedOnIPRegister(bool)</a> from libunwind.cpp.o(.text._ZN9libunwind12UnwindCursorINS_17LocalAddressSpaceENS_13Registers_armEE24setInfoBasedOnIPRegisterEb) referenced from libunwind.cpp.o(.rodata._ZTVN9libunwind12UnwindCursorINS_17LocalAddressSpaceENS_13Registers_armEEE)
 <LI><a href="#[132]">libunwind::UnwindCursor&lang;libunwind::LocalAddressSpace, libunwind::Registers_arm&rang;::step()</a> from libunwind.cpp.o(.text._ZN9libunwind12UnwindCursorINS_17LocalAddressSpaceENS_13Registers_armEE4stepEv) referenced from libunwind.cpp.o(.rodata._ZTVN9libunwind12UnwindCursorINS_17LocalAddressSpaceENS_13Registers_armEEE)
 <LI><a href="#[12d]">libunwind::UnwindCursor&lang;libunwind::LocalAddressSpace, libunwind::Registers_arm&rang;::getReg(int)</a> from libunwind.cpp.o(.text._ZN9libunwind12UnwindCursorINS_17LocalAddressSpaceENS_13Registers_armEE6getRegEi) referenced from libunwind.cpp.o(.rodata._ZTVN9libunwind12UnwindCursorINS_17LocalAddressSpaceENS_13Registers_armEEE)
 <LI><a href="#[134]">libunwind::UnwindCursor&lang;libunwind::LocalAddressSpace, libunwind::Registers_arm&rang;::jumpto()</a> from libunwind.cpp.o(.text._ZN9libunwind12UnwindCursorINS_17LocalAddressSpaceENS_13Registers_armEE6jumptoEv) referenced from libunwind.cpp.o(.rodata._ZTVN9libunwind12UnwindCursorINS_17LocalAddressSpaceENS_13Registers_armEEE)
 <LI><a href="#[12e]">libunwind::UnwindCursor&lang;libunwind::LocalAddressSpace, libunwind::Registers_arm&rang;::setReg(int, unsigned)</a> from libunwind.cpp.o(.text._ZN9libunwind12UnwindCursorINS_17LocalAddressSpaceENS_13Registers_armEE6setRegEij) referenced from libunwind.cpp.o(.rodata._ZTVN9libunwind12UnwindCursorINS_17LocalAddressSpaceENS_13Registers_armEEE)
 <LI><a href="#[133]">libunwind::UnwindCursor&lang;libunwind::LocalAddressSpace, libunwind::Registers_arm&rang;::getInfo(unw_proc_info_t*)</a> from libunwind.cpp.o(.text._ZN9libunwind12UnwindCursorINS_17LocalAddressSpaceENS_13Registers_armEE7getInfoEP15unw_proc_info_t) referenced from libunwind.cpp.o(.rodata._ZTVN9libunwind12UnwindCursorINS_17LocalAddressSpaceENS_13Registers_armEEE)
 <LI><a href="#[12c]">libunwind::UnwindCursor&lang;libunwind::LocalAddressSpace, libunwind::Registers_arm&rang;::validReg(int)</a> from libunwind.cpp.o(.text._ZN9libunwind12UnwindCursorINS_17LocalAddressSpaceENS_13Registers_armEE8validRegEi) referenced from libunwind.cpp.o(.rodata._ZTVN9libunwind12UnwindCursorINS_17LocalAddressSpaceENS_13Registers_armEEE)
 <LI><a href="#[12b]">libunwind::UnwindCursor&lang;libunwind::LocalAddressSpace, libunwind::Registers_arm&rang;::~UnwindCursor__deallocating()</a> from libunwind.cpp.o(.text._ZN9libunwind12UnwindCursorINS_17LocalAddressSpaceENS_13Registers_armEED0Ev) referenced from libunwind.cpp.o(.rodata._ZTVN9libunwind12UnwindCursorINS_17LocalAddressSpaceENS_13Registers_armEEE)
 <LI><a href="#[12a]">libunwind::AbstractUnwindCursor::~AbstractUnwindCursor__sub_object()</a> from libunwind.cpp.o(.text._ZN9libunwind20AbstractUnwindCursorD2Ev) referenced from libunwind.cpp.o(.rodata._ZTVN9libunwind12UnwindCursorINS_17LocalAddressSpaceENS_13Registers_armEEE)
 <LI><a href="#[120]">__cxxabiv1::__shim_type_info::noop1() const</a> from private_typeinfo.cpp.o(.text._ZNK10__cxxabiv116__shim_type_info5noop1Ev) referenced from private_typeinfo.cpp.o(.rodata._ZTVN10__cxxabiv117__class_type_infoE)
 <LI><a href="#[120]">__cxxabiv1::__shim_type_info::noop1() const</a> from private_typeinfo.cpp.o(.text._ZNK10__cxxabiv116__shim_type_info5noop1Ev) referenced from private_typeinfo.cpp.o(.rodata._ZTVN10__cxxabiv120__si_class_type_infoE)
 <LI><a href="#[121]">__cxxabiv1::__shim_type_info::noop2() const</a> from private_typeinfo.cpp.o(.text._ZNK10__cxxabiv116__shim_type_info5noop2Ev) referenced from private_typeinfo.cpp.o(.rodata._ZTVN10__cxxabiv117__class_type_infoE)
 <LI><a href="#[121]">__cxxabiv1::__shim_type_info::noop2() const</a> from private_typeinfo.cpp.o(.text._ZNK10__cxxabiv116__shim_type_info5noop2Ev) referenced from private_typeinfo.cpp.o(.rodata._ZTVN10__cxxabiv120__si_class_type_infoE)
 <LI><a href="#[123]">__cxxabiv1::__class_type_info::search_above_dst(__cxxabiv1::__dynamic_cast_info*, const void*, const void*, int, bool) const</a> from private_typeinfo.cpp.o(.text._ZNK10__cxxabiv117__class_type_info16search_above_dstEPNS_19__dynamic_cast_infoEPKvS4_ib) referenced from private_typeinfo.cpp.o(.rodata._ZTVN10__cxxabiv117__class_type_infoE)
 <LI><a href="#[124]">__cxxabiv1::__class_type_info::search_below_dst(__cxxabiv1::__dynamic_cast_info*, const void*, int, bool) const</a> from private_typeinfo.cpp.o(.text._ZNK10__cxxabiv117__class_type_info16search_below_dstEPNS_19__dynamic_cast_infoEPKvib) referenced from private_typeinfo.cpp.o(.rodata._ZTVN10__cxxabiv117__class_type_infoE)
 <LI><a href="#[125]">__cxxabiv1::__class_type_info::has_unambiguous_public_base(__cxxabiv1::__dynamic_cast_info*, void*, int) const</a> from private_typeinfo.cpp.o(.text._ZNK10__cxxabiv117__class_type_info27has_unambiguous_public_baseEPNS_19__dynamic_cast_infoEPvi) referenced from private_typeinfo.cpp.o(.rodata._ZTVN10__cxxabiv117__class_type_infoE)
 <LI><a href="#[122]">__cxxabiv1::__class_type_info::can_catch(const __cxxabiv1::__shim_type_info*, void*&) const</a> from private_typeinfo.cpp.o(.text._ZNK10__cxxabiv117__class_type_info9can_catchEPKNS_16__shim_type_infoERPv) referenced from private_typeinfo.cpp.o(.rodata._ZTVN10__cxxabiv117__class_type_infoE)
 <LI><a href="#[122]">__cxxabiv1::__class_type_info::can_catch(const __cxxabiv1::__shim_type_info*, void*&) const</a> from private_typeinfo.cpp.o(.text._ZNK10__cxxabiv117__class_type_info9can_catchEPKNS_16__shim_type_infoERPv) referenced from private_typeinfo.cpp.o(.rodata._ZTVN10__cxxabiv120__si_class_type_infoE)
 <LI><a href="#[127]">__cxxabiv1::__si_class_type_info::search_above_dst(__cxxabiv1::__dynamic_cast_info*, const void*, const void*, int, bool) const</a> from private_typeinfo.cpp.o(.text._ZNK10__cxxabiv120__si_class_type_info16search_above_dstEPNS_19__dynamic_cast_infoEPKvS4_ib) referenced from private_typeinfo.cpp.o(.rodata._ZTVN10__cxxabiv120__si_class_type_infoE)
 <LI><a href="#[128]">__cxxabiv1::__si_class_type_info::search_below_dst(__cxxabiv1::__dynamic_cast_info*, const void*, int, bool) const</a> from private_typeinfo.cpp.o(.text._ZNK10__cxxabiv120__si_class_type_info16search_below_dstEPNS_19__dynamic_cast_infoEPKvib) referenced from private_typeinfo.cpp.o(.rodata._ZTVN10__cxxabiv120__si_class_type_infoE)
 <LI><a href="#[129]">__cxxabiv1::__si_class_type_info::has_unambiguous_public_base(__cxxabiv1::__dynamic_cast_info*, void*, int) const</a> from private_typeinfo.cpp.o(.text._ZNK10__cxxabiv120__si_class_type_info27has_unambiguous_public_baseEPNS_19__dynamic_cast_infoEPvi) referenced from private_typeinfo.cpp.o(.rodata._ZTVN10__cxxabiv120__si_class_type_infoE)
 <LI><a href="#[13c]">std::bad_exception::what() const</a> from stdlib_exception.cpp.o(.text._ZNKSt13bad_exception4whatEv) referenced from stdlib_exception.cpp.o(.rodata._ZTVSt13bad_exception)
 <LI><a href="#[13b]">std::bad_exception::~bad_exception__deallocating()</a> from stdlib_exception.cpp.o(.text._ZNSt13bad_exceptionD0Ev) referenced from stdlib_exception.cpp.o(.rodata._ZTVSt13bad_exception)
 <LI><a href="#[e1]">std::bad_exception::~bad_exception()</a> from stdlib_exception.cpp.o(.text._ZNSt9exceptionD2Ev) referenced 2 times from cxa_personality.cpp.o(.text.__cxa_call_unexpected)
 <LI><a href="#[c2]">std::__1::map&lang;SName, ReceiverSync, std::__1::less&lang;SName&rang;, std::__1::allocator&lang;std::__1::pair&lang;const SName, ReceiverSync&rang;&rang;&rang;::~map__sub_object()</a> from receiver.o(.text._ZNSt3__13mapI5SName12ReceiverSyncNS_4lessIS1_EENS_9allocatorINS_4pairIKS1_S2_EEEEED2Ev) referenced 2 times from receiver.o(.text._GLOBAL__sub_I_Receiver.cpp)
 <LI><a href="#[c1]">std::__1::map&lang;SName, Param, std::__1::less&lang;SName&rang;, std::__1::allocator&lang;std::__1::pair&lang;const SName, Param&rang;&rang;&rang;::~map__sub_object()</a> from parameters.o(.text._ZNSt3__13mapI5SName5ParamNS_4lessIS1_EENS_9allocatorINS_4pairIKS1_S2_EEEEED2Ev) referenced 2 times from parameters.o(.text._GLOBAL__sub_I_Parameters.cpp)
 <LI><a href="#[c0]">std::__1::map&lang;SName, ParamGroup*, std::__1::less&lang;SName&rang;, std::__1::allocator&lang;std::__1::pair&lang;const SName, ParamGroup*&rang;&rang;&rang;::~map__sub_object()</a> from parameters.o(.text._ZNSt3__13mapI5SNameP10ParamGroupNS_4lessIS1_EENS_9allocatorINS_4pairIKS1_S3_EEEEED2Ev) referenced 2 times from parameters.o(.text._GLOBAL__sub_I_Parameters.cpp)
 <LI><a href="#[13a]">std::exception::~exception__sub_object()</a> from stdlib_exception.cpp.o(.text._ZNSt9exceptionD2Ev) referenced from stdlib_exception.cpp.o(.rodata._ZTVSt13bad_exception)
 <LI><a href="#[16]">std::terminate()</a> from cxa_handlers.cpp.o(.text._ZSt9terminatev) referenced 2 times from cxa_default_handlers.cpp.o(.data.__cxa_unexpected_handler)
 <LI><a href="#[de]">__aeabi_unwind_cpp_pr0</a> from Unwind-EHABI.cpp.o(.text.__aeabi_unwind_cpp_pr0) referenced 2 times from libunwind.cpp.o(.text._ZN9libunwind12UnwindCursorINS_17LocalAddressSpaceENS_13Registers_armEE23getInfoFromEHABISectionEjRKNS_18UnwindInfoSectionsE)
 <LI><a href="#[df]">__aeabi_unwind_cpp_pr1</a> from Unwind-EHABI.cpp.o(.text.__aeabi_unwind_cpp_pr1) referenced 2 times from libunwind.cpp.o(.text._ZN9libunwind12UnwindCursorINS_17LocalAddressSpaceENS_13Registers_armEE23getInfoFromEHABISectionEjRKNS_18UnwindInfoSectionsE)
 <LI><a href="#[e0]">__aeabi_unwind_cpp_pr2</a> from Unwind-EHABI.cpp.o(.text.__aeabi_unwind_cpp_pr2) referenced 2 times from libunwind.cpp.o(.text._ZN9libunwind12UnwindCursorINS_17LocalAddressSpaceENS_13Registers_armEE23getInfoFromEHABISectionEjRKNS_18UnwindInfoSectionsE)
 <LI><a href="#[11d]">__cxa_pure_virtual</a> from cxa_virtual.cpp.o(.text.__cxa_pure_virtual) referenced from m10_rccalib.o(.rodata._ZTV9Mode_Base)
 <LI><a href="#[bd]">__cxx_global_array_dtor</a> from commulink.o(.text.__cxx_global_array_dtor) referenced 2 times from commulink.o(.text._GLOBAL__sub_I_Commulink.cpp)
 <LI><a href="#[e7]">__gxx_personality_v0</a> from cxa_personality.cpp.o(.text.__gxx_personality_v0) referenced from modes.o(.ARM.extab.text._Z10init_Modesv)
 <LI><a href="#[e7]">__gxx_personality_v0</a> from cxa_personality.cpp.o(.text.__gxx_personality_v0) referenced from cxa_handlers.cpp.o(.ARM.extab.text._ZSt11__terminatePFvvE)
 <LI><a href="#[e7]">__gxx_personality_v0</a> from cxa_personality.cpp.o(.text.__gxx_personality_v0) referenced from cxa_handlers.cpp.o(.ARM.extab.text._ZSt9terminatev)
 <LI><a href="#[e7]">__gxx_personality_v0</a> from cxa_personality.cpp.o(.text.__gxx_personality_v0) referenced from basic.o(.ARM.extab.text._ZdaPv)
 <LI><a href="#[e7]">__gxx_personality_v0</a> from cxa_personality.cpp.o(.text.__gxx_personality_v0) referenced from basic.o(.ARM.extab.text._ZdlPv)
 <LI><a href="#[e7]">__gxx_personality_v0</a> from cxa_personality.cpp.o(.text.__gxx_personality_v0) referenced from cxa_exception.cpp.o(.ARM.extab.text.__cxa_allocate_exception)
 <LI><a href="#[e7]">__gxx_personality_v0</a> from cxa_personality.cpp.o(.text.__gxx_personality_v0) referenced from cxa_exception.cpp.o(.ARM.extab.text.__cxa_begin_catch)
 <LI><a href="#[e7]">__gxx_personality_v0</a> from cxa_personality.cpp.o(.text.__gxx_personality_v0) referenced from cxa_exception.cpp.o(.ARM.extab.text.__cxa_begin_cleanup)
 <LI><a href="#[e7]">__gxx_personality_v0</a> from cxa_personality.cpp.o(.text.__gxx_personality_v0) referenced from cxa_personality.cpp.o(.ARM.extab.text.__cxa_call_unexpected)
 <LI><a href="#[e7]">__gxx_personality_v0</a> from cxa_personality.cpp.o(.text.__gxx_personality_v0) referenced from cxa_exception.cpp.o(.ARM.extab.text.__cxa_decrement_exception_refcount)
 <LI><a href="#[ad]">__main</a> from __main.o(!!!main) referenced from startup_stm32h743xx.o(.text)
 <LI><a href="#[af]">_printf_input_char</a> from _printf_char_common.o(.text) referenced from _printf_char_common.o(.text)
 <LI><a href="#[ae]">_sputc</a> from _sputc.o(.text) referenced from noretval__2sprintf.o(.text)
 <LI><a href="#[15]">abort</a> from abort.o(.text) referenced 2 times from cxa_default_handlers.cpp.o(.data.__cxa_terminate_handler)
 <LI><a href="#[e5]">prvIdleTask</a> from tasks.o(.text.prvIdleTask) referenced 2 times from tasks.o(.text.vTaskStartScheduler)
 <LI><a href="#[e4]">prvTaskExitError</a> from port.o(.text.prvTaskExitError) referenced 2 times from port.o(.text.pxPortInitialiseStack)
 <LI><a href="#[e6]">prvTimerTask</a> from timers.o(.text.prvTimerTask) referenced 2 times from timers.o(.text.xTimerCreateTimerTask)
 <LI><a href="#[b4]">vEventGroupSetBitsCallback</a> from event_groups.o(.text.vEventGroupSetBitsCallback) referenced 2 times from gui.o(.text.DMA2D_IRQHandler)
 <LI><a href="#[b4]">vEventGroupSetBitsCallback</a> from event_groups.o(.text.vEventGroupSetBitsCallback) referenced 2 times from drv_extiic.o(.text.I2C1_ER_IRQHandler)
 <LI><a href="#[b4]">vEventGroupSetBitsCallback</a> from event_groups.o(.text.vEventGroupSetBitsCallback) referenced 2 times from drv_extiic.o(.text.I2C1_EV_IRQHandler)
 <LI><a href="#[b4]">vEventGroupSetBitsCallback</a> from event_groups.o(.text.vEventGroupSetBitsCallback) referenced 2 times from drv_flash.o(.text.QUADSPI_IRQHandler)
 <LI><a href="#[b4]">vEventGroupSetBitsCallback</a> from event_groups.o(.text.vEventGroupSetBitsCallback) referenced 2 times from drv_oled.o(.text.SPI4_IRQHandler)
</UL>
<P>
<H3>
Global Symbols
</H3>
<P><STRONG><a name="[ad]"></a>__main</STRONG> (Thumb, 8 bytes, Stack size 0 bytes, __main.o(!!!main))
<BR><BR>[Calls]<UL><LI><a href="#[154]">&gt;&gt;</a>&nbsp;&nbsp;&nbsp;__rt_entry
<LI><a href="#[153]">&gt;&gt;</a>&nbsp;&nbsp;&nbsp;__scatterload
</UL>
<BR>[Address Reference Count : 1]<UL><LI> startup_stm32h743xx.o(.text)
</UL>
<P><STRONG><a name="[153]"></a>__scatterload</STRONG> (Thumb, 0 bytes, Stack size unknown bytes, __scatter.o(!!!scatter))
<BR><BR>[Called By]<UL><LI><a href="#[ad]">&gt;&gt;</a>&nbsp;&nbsp;&nbsp;__main
</UL>

<P><STRONG><a name="[155]"></a>__scatterload_rt2</STRONG> (Thumb, 44 bytes, Stack size unknown bytes, __scatter.o(!!!scatter), UNUSED)
<BR><BR>[Calls]<UL><LI><a href="#[154]">&gt;&gt;</a>&nbsp;&nbsp;&nbsp;__rt_entry
</UL>

<P><STRONG><a name="[487]"></a>__scatterload_rt2_thumb_only</STRONG> (Thumb, 0 bytes, Stack size unknown bytes, __scatter.o(!!!scatter), UNUSED)

<P><STRONG><a name="[488]"></a>__scatterload_null</STRONG> (Thumb, 0 bytes, Stack size unknown bytes, __scatter.o(!!!scatter), UNUSED)

<P><STRONG><a name="[489]"></a>__decompress</STRONG> (Thumb, 90 bytes, Stack size unknown bytes, __dczerorl2.o(!!dczerorl2), UNUSED)

<P><STRONG><a name="[48a]"></a>__decompress1</STRONG> (Thumb, 0 bytes, Stack size unknown bytes, __dczerorl2.o(!!dczerorl2), UNUSED)

<P><STRONG><a name="[48b]"></a>__scatterload_zeroinit</STRONG> (Thumb, 28 bytes, Stack size unknown bytes, __scatter_zi.o(!!handler_zi), UNUSED)

<P><STRONG><a name="[156]"></a>_printf_f</STRONG> (Thumb, 0 bytes, Stack size unknown bytes, _printf_f.o(.ARM.Collect$$_printf_percent$$00000003))
<BR><BR>[Stack]<UL><LI>Max Depth = 324 + Unknown Stack Size
<LI>Call Chain = _printf_f &rArr; _printf_fp_dec &rArr; _printf_fp_dec_real &rArr; _fp_digits &rArr; _btod_etento &rArr; _btod_emul &rArr; _e2e
</UL>
<BR>[Calls]<UL><LI><a href="#[157]">&gt;&gt;</a>&nbsp;&nbsp;&nbsp;_printf_fp_dec
</UL>

<P><STRONG><a name="[175]"></a>_printf_percent</STRONG> (Thumb, 0 bytes, Stack size unknown bytes, _printf_percent.o(.ARM.Collect$$_printf_percent$$00000000))
<BR><BR>[Called By]<UL><LI><a href="#[173]">&gt;&gt;</a>&nbsp;&nbsp;&nbsp;__printf
</UL>

<P><STRONG><a name="[158]"></a>_printf_d</STRONG> (Thumb, 0 bytes, Stack size unknown bytes, _printf_d.o(.ARM.Collect$$_printf_percent$$00000009))
<BR><BR>[Stack]<UL><LI>Max Depth = 72 + Unknown Stack Size
<LI>Call Chain = _printf_d &rArr; _printf_int_dec &rArr; _printf_int_common &rArr; _printf_post_padding
</UL>
<BR>[Calls]<UL><LI><a href="#[159]">&gt;&gt;</a>&nbsp;&nbsp;&nbsp;_printf_int_dec
</UL>

<P><STRONG><a name="[48c]"></a>_printf_percent_end</STRONG> (Thumb, 0 bytes, Stack size unknown bytes, _printf_percent_end.o(.ARM.Collect$$_printf_percent$$00000017))

<P><STRONG><a name="[168]"></a>__rt_lib_init</STRONG> (Thumb, 0 bytes, Stack size unknown bytes, libinit.o(.ARM.Collect$$libinit$$00000000))
<BR><BR>[Called By]<UL><LI><a href="#[167]">&gt;&gt;</a>&nbsp;&nbsp;&nbsp;__rt_entry_li
</UL>

<P><STRONG><a name="[15a]"></a>__rt_lib_init_fp_1</STRONG> (Thumb, 0 bytes, Stack size unknown bytes, libinit2.o(.ARM.Collect$$libinit$$00000001))
<BR><BR>[Calls]<UL><LI><a href="#[15b]">&gt;&gt;</a>&nbsp;&nbsp;&nbsp;_fp_init
</UL>

<P><STRONG><a name="[15c]"></a>__rt_lib_init_heap_2</STRONG> (Thumb, 0 bytes, Stack size unknown bytes, libinit2.o(.ARM.Collect$$libinit$$00000005))
<BR><BR>[Stack]<UL><LI>Max Depth = 56 + Unknown Stack Size
<LI>Call Chain = __rt_lib_init_heap_2 &rArr; _init_alloc &rArr; __rt_SIGRTMEM &rArr; __rt_SIGRTMEM_inner &rArr; __default_signal_display
</UL>
<BR>[Calls]<UL><LI><a href="#[15d]">&gt;&gt;</a>&nbsp;&nbsp;&nbsp;_init_alloc
</UL>

<P><STRONG><a name="[48d]"></a>__rt_lib_init_preinit_1</STRONG> (Thumb, 0 bytes, Stack size unknown bytes, libinit2.o(.ARM.Collect$$libinit$$00000004))

<P><STRONG><a name="[48e]"></a>__rt_lib_init_heap_1</STRONG> (Thumb, 0 bytes, Stack size unknown bytes, libinit2.o(.ARM.Collect$$libinit$$0000000A))

<P><STRONG><a name="[15e]"></a>__rt_lib_init_lc_common</STRONG> (Thumb, 0 bytes, Stack size unknown bytes, libinit2.o(.ARM.Collect$$libinit$$0000000F))
<BR><BR>[Calls]<UL><LI><a href="#[15f]">&gt;&gt;</a>&nbsp;&nbsp;&nbsp;__rt_locale
</UL>

<P><STRONG><a name="[48f]"></a>__rt_lib_init_rand_1</STRONG> (Thumb, 0 bytes, Stack size unknown bytes, libinit2.o(.ARM.Collect$$libinit$$0000000E))

<P><STRONG><a name="[490]"></a>__rt_lib_init_user_alloc_1</STRONG> (Thumb, 0 bytes, Stack size unknown bytes, libinit2.o(.ARM.Collect$$libinit$$0000000C))

<P><STRONG><a name="[491]"></a>__rt_lib_init_lc_collate_1</STRONG> (Thumb, 0 bytes, Stack size unknown bytes, libinit2.o(.ARM.Collect$$libinit$$00000011))

<P><STRONG><a name="[492]"></a>__rt_lib_init_lc_ctype_1</STRONG> (Thumb, 0 bytes, Stack size unknown bytes, libinit2.o(.ARM.Collect$$libinit$$00000013))

<P><STRONG><a name="[493]"></a>__rt_lib_init_lc_monetary_1</STRONG> (Thumb, 0 bytes, Stack size unknown bytes, libinit2.o(.ARM.Collect$$libinit$$00000015))

<P><STRONG><a name="[160]"></a>__rt_lib_init_lc_numeric_2</STRONG> (Thumb, 0 bytes, Stack size unknown bytes, libinit2.o(.ARM.Collect$$libinit$$00000016))
<BR><BR>[Stack]<UL><LI>Max Depth = 16 + Unknown Stack Size
<LI>Call Chain = __rt_lib_init_lc_numeric_2 &rArr; _get_lc_numeric &rArr; strcmp
</UL>
<BR>[Calls]<UL><LI><a href="#[161]">&gt;&gt;</a>&nbsp;&nbsp;&nbsp;_get_lc_numeric
</UL>

<P><STRONG><a name="[494]"></a>__rt_lib_init_alloca_1</STRONG> (Thumb, 0 bytes, Stack size unknown bytes, libinit2.o(.ARM.Collect$$libinit$$0000002E))

<P><STRONG><a name="[495]"></a>__rt_lib_init_argv_1</STRONG> (Thumb, 0 bytes, Stack size unknown bytes, libinit2.o(.ARM.Collect$$libinit$$0000002C))

<P><STRONG><a name="[496]"></a>__rt_lib_init_atexit_1</STRONG> (Thumb, 0 bytes, Stack size unknown bytes, libinit2.o(.ARM.Collect$$libinit$$0000001B))

<P><STRONG><a name="[497]"></a>__rt_lib_init_clock_1</STRONG> (Thumb, 0 bytes, Stack size unknown bytes, libinit2.o(.ARM.Collect$$libinit$$00000021))

<P><STRONG><a name="[162]"></a>__rt_lib_init_cpp_2</STRONG> (Thumb, 0 bytes, Stack size unknown bytes, libinit2.o(.ARM.Collect$$libinit$$00000031))
<BR><BR>[Stack]<UL><LI>Max Depth = 16 + Unknown Stack Size
<LI>Call Chain = __rt_lib_init_cpp_2 &rArr; __cpp_initialize__aeabi_
</UL>
<BR>[Calls]<UL><LI><a href="#[152]">&gt;&gt;</a>&nbsp;&nbsp;&nbsp;__cpp_initialize__aeabi_
</UL>

<P><STRONG><a name="[498]"></a>__rt_lib_init_exceptions_1</STRONG> (Thumb, 0 bytes, Stack size unknown bytes, libinit2.o(.ARM.Collect$$libinit$$00000030))

<P><STRONG><a name="[499]"></a>__rt_lib_init_fp_trap_1</STRONG> (Thumb, 0 bytes, Stack size unknown bytes, libinit2.o(.ARM.Collect$$libinit$$0000001F))

<P><STRONG><a name="[49a]"></a>__rt_lib_init_getenv_1</STRONG> (Thumb, 0 bytes, Stack size unknown bytes, libinit2.o(.ARM.Collect$$libinit$$00000023))

<P><STRONG><a name="[49b]"></a>__rt_lib_init_lc_numeric_1</STRONG> (Thumb, 0 bytes, Stack size unknown bytes, libinit2.o(.ARM.Collect$$libinit$$00000017))

<P><STRONG><a name="[49c]"></a>__rt_lib_init_lc_time_1</STRONG> (Thumb, 0 bytes, Stack size unknown bytes, libinit2.o(.ARM.Collect$$libinit$$00000019))

<P><STRONG><a name="[49d]"></a>__rt_lib_init_signal_1</STRONG> (Thumb, 0 bytes, Stack size unknown bytes, libinit2.o(.ARM.Collect$$libinit$$0000001D))

<P><STRONG><a name="[49e]"></a>__rt_lib_init_stdio_1</STRONG> (Thumb, 0 bytes, Stack size unknown bytes, libinit2.o(.ARM.Collect$$libinit$$00000025))

<P><STRONG><a name="[49f]"></a>__rt_lib_init_cpp_1</STRONG> (Thumb, 0 bytes, Stack size unknown bytes, libinit2.o(.ARM.Collect$$libinit$$00000032))

<P><STRONG><a name="[4a0]"></a>__rt_lib_init_return</STRONG> (Thumb, 0 bytes, Stack size unknown bytes, libinit2.o(.ARM.Collect$$libinit$$00000033))

<P><STRONG><a name="[16d]"></a>__rt_lib_shutdown</STRONG> (Thumb, 0 bytes, Stack size unknown bytes, libshutdown.o(.ARM.Collect$$libshutdown$$00000000))
<BR><BR>[Called By]<UL><LI><a href="#[15]">&gt;&gt;</a>&nbsp;&nbsp;&nbsp;abort
<LI><a href="#[16c]">&gt;&gt;</a>&nbsp;&nbsp;&nbsp;__rt_exit_ls
</UL>

<P><STRONG><a name="[163]"></a>__rt_lib_shutdown_cpp_2</STRONG> (Thumb, 0 bytes, Stack size unknown bytes, libshutdown2.o(.ARM.Collect$$libshutdown$$00000001))
<BR><BR>[Stack]<UL><LI>Max Depth = 40 + Unknown Stack Size
<LI>Call Chain = __rt_lib_shutdown_cpp_2 &rArr; __cxa_finalize &rArr; free
</UL>
<BR>[Calls]<UL><LI><a href="#[164]">&gt;&gt;</a>&nbsp;&nbsp;&nbsp;__cxa_finalize
</UL>

<P><STRONG><a name="[4a1]"></a>__rt_lib_shutdown_cpp_1</STRONG> (Thumb, 0 bytes, Stack size unknown bytes, libshutdown2.o(.ARM.Collect$$libshutdown$$00000002))

<P><STRONG><a name="[4a2]"></a>__rt_lib_shutdown_fp_trap_1</STRONG> (Thumb, 0 bytes, Stack size unknown bytes, libshutdown2.o(.ARM.Collect$$libshutdown$$00000007))

<P><STRONG><a name="[4a3]"></a>__rt_lib_shutdown_heap_1</STRONG> (Thumb, 0 bytes, Stack size unknown bytes, libshutdown2.o(.ARM.Collect$$libshutdown$$0000000F))

<P><STRONG><a name="[4a4]"></a>__rt_lib_shutdown_return</STRONG> (Thumb, 0 bytes, Stack size unknown bytes, libshutdown2.o(.ARM.Collect$$libshutdown$$00000010))

<P><STRONG><a name="[4a5]"></a>__rt_lib_shutdown_signal_1</STRONG> (Thumb, 0 bytes, Stack size unknown bytes, libshutdown2.o(.ARM.Collect$$libshutdown$$0000000A))

<P><STRONG><a name="[4a6]"></a>__rt_lib_shutdown_stdio_1</STRONG> (Thumb, 0 bytes, Stack size unknown bytes, libshutdown2.o(.ARM.Collect$$libshutdown$$00000004))

<P><STRONG><a name="[4a7]"></a>__rt_lib_shutdown_user_alloc_1</STRONG> (Thumb, 0 bytes, Stack size unknown bytes, libshutdown2.o(.ARM.Collect$$libshutdown$$0000000C))

<P><STRONG><a name="[154]"></a>__rt_entry</STRONG> (Thumb, 0 bytes, Stack size unknown bytes, __rtentry.o(.ARM.Collect$$rtentry$$00000000))
<BR><BR>[Called By]<UL><LI><a href="#[ad]">&gt;&gt;</a>&nbsp;&nbsp;&nbsp;__main
<LI><a href="#[155]">&gt;&gt;</a>&nbsp;&nbsp;&nbsp;__scatterload_rt2
</UL>

<P><STRONG><a name="[4a8]"></a>__rt_entry_presh_1</STRONG> (Thumb, 0 bytes, Stack size unknown bytes, __rtentry2.o(.ARM.Collect$$rtentry$$00000002))

<P><STRONG><a name="[165]"></a>__rt_entry_sh</STRONG> (Thumb, 0 bytes, Stack size unknown bytes, __rtentry4.o(.ARM.Collect$$rtentry$$00000004))
<BR><BR>[Stack]<UL><LI>Max Depth = 8 + Unknown Stack Size
<LI>Call Chain = __rt_entry_sh &rArr; __user_setup_stackheap
</UL>
<BR>[Calls]<UL><LI><a href="#[166]">&gt;&gt;</a>&nbsp;&nbsp;&nbsp;__user_setup_stackheap
</UL>

<P><STRONG><a name="[167]"></a>__rt_entry_li</STRONG> (Thumb, 0 bytes, Stack size unknown bytes, __rtentry2.o(.ARM.Collect$$rtentry$$0000000A))
<BR><BR>[Calls]<UL><LI><a href="#[168]">&gt;&gt;</a>&nbsp;&nbsp;&nbsp;__rt_lib_init
</UL>

<P><STRONG><a name="[4a9]"></a>__rt_entry_postsh_1</STRONG> (Thumb, 0 bytes, Stack size unknown bytes, __rtentry2.o(.ARM.Collect$$rtentry$$00000009))

<P><STRONG><a name="[169]"></a>__rt_entry_main</STRONG> (Thumb, 0 bytes, Stack size unknown bytes, __rtentry2.o(.ARM.Collect$$rtentry$$0000000D))
<BR><BR>[Stack]<UL><LI>Max Depth = 520 + Unknown Stack Size
<LI>Call Chain = __rt_entry_main &rArr; main &rArr; init_Basic() &rArr; init_TimeBase() &rArr; xQueueCreateMutex &rArr; xQueueGenericSend &rArr; xTaskResumeAll &rArr; xTaskIncrementTick
</UL>
<BR>[Calls]<UL><LI><a href="#[16a]">&gt;&gt;</a>&nbsp;&nbsp;&nbsp;main
<LI><a href="#[16b]">&gt;&gt;</a>&nbsp;&nbsp;&nbsp;exit
</UL>

<P><STRONG><a name="[4aa]"></a>__rt_entry_postli_1</STRONG> (Thumb, 0 bytes, Stack size unknown bytes, __rtentry2.o(.ARM.Collect$$rtentry$$0000000C))

<P><STRONG><a name="[19c]"></a>__rt_exit</STRONG> (Thumb, 0 bytes, Stack size unknown bytes, rtexit.o(.ARM.Collect$$rtexit$$00000000))
<BR><BR>[Called By]<UL><LI><a href="#[16b]">&gt;&gt;</a>&nbsp;&nbsp;&nbsp;exit
</UL>

<P><STRONG><a name="[16c]"></a>__rt_exit_ls</STRONG> (Thumb, 0 bytes, Stack size unknown bytes, rtexit2.o(.ARM.Collect$$rtexit$$00000003))
<BR><BR>[Calls]<UL><LI><a href="#[16d]">&gt;&gt;</a>&nbsp;&nbsp;&nbsp;__rt_lib_shutdown
</UL>

<P><STRONG><a name="[4ab]"></a>__rt_exit_prels_1</STRONG> (Thumb, 0 bytes, Stack size unknown bytes, rtexit2.o(.ARM.Collect$$rtexit$$00000002))

<P><STRONG><a name="[16e]"></a>__rt_exit_exit</STRONG> (Thumb, 0 bytes, Stack size unknown bytes, rtexit2.o(.ARM.Collect$$rtexit$$00000004))
<BR><BR>[Calls]<UL><LI><a href="#[16f]">&gt;&gt;</a>&nbsp;&nbsp;&nbsp;_sys_exit
</UL>

<P><STRONG><a name="[17]"></a>Reset_Handler</STRONG> (Thumb, 8 bytes, Stack size 0 bytes, startup_stm32h743xx.o(.text))
<BR>[Address Reference Count : 1]<UL><LI> startup_stm32h743xx.o(RESET)
</UL>
<P><STRONG><a name="[18]"></a>NMI_Handler</STRONG> (Thumb, 2 bytes, Stack size 0 bytes, startup_stm32h743xx.o(.text))
<BR><BR>[Calls]<UL><LI><a href="#[18]">&gt;&gt;</a>&nbsp;&nbsp;&nbsp;NMI_Handler
</UL>
<BR>[Called By]<UL><LI><a href="#[18]">&gt;&gt;</a>&nbsp;&nbsp;&nbsp;NMI_Handler
</UL>
<BR>[Address Reference Count : 1]<UL><LI> startup_stm32h743xx.o(RESET)
</UL>
<P><STRONG><a name="[1a]"></a>MemManage_Handler</STRONG> (Thumb, 2 bytes, Stack size 0 bytes, startup_stm32h743xx.o(.text))
<BR><BR>[Calls]<UL><LI><a href="#[1a]">&gt;&gt;</a>&nbsp;&nbsp;&nbsp;MemManage_Handler
</UL>
<BR>[Called By]<UL><LI><a href="#[1a]">&gt;&gt;</a>&nbsp;&nbsp;&nbsp;MemManage_Handler
</UL>
<BR>[Address Reference Count : 1]<UL><LI> startup_stm32h743xx.o(RESET)
</UL>
<P><STRONG><a name="[1b]"></a>BusFault_Handler</STRONG> (Thumb, 2 bytes, Stack size 0 bytes, startup_stm32h743xx.o(.text))
[...]
<BR><BR>[Stack]<UL><LI>Max Depth = 8<LI>Call Chain = _ZL39InflightCmd205_MAV_CMD_DO_MOUNT_CONTROLtPd
</UL>
<BR>[Calls]<UL><LI><a href="#[36b]">&gt;&gt;</a>&nbsp;&nbsp;&nbsp;Aux_PWM_Out(double, unsigned char)
</UL>
<BR>[Address Reference Count : 1]<UL><LI> inflightcmdprocess.o(.rodata._ZL18InflightCmdProcess)
</UL>
<P><STRONG><a name="[115]"></a>_ZL44InflightCmd206_MAV_CMD_DO_SET_CAM_TRIGG_DISTtPd</STRONG> (Thumb, 20 bytes, Stack size 0 bytes, inflightcmdprocess.o(.text._ZL44InflightCmd206_MAV_CMD_DO_SET_CAM_TRIGG_DISTtPd))
<BR>[Address Reference Count : 1]<UL><LI> inflightcmdprocess.o(.rodata._ZL18InflightCmdProcess)
</UL>
<P><STRONG><a name="[14e]"></a>_GLOBAL__sub_I_ctrl_Main.cpp</STRONG> (Thumb, 134 bytes, Stack size 16 bytes, ctrl_main.o(.text._GLOBAL__sub_I_ctrl_Main.cpp))
<BR><BR>[Stack]<UL><LI>Max Depth = 136<LI>Call Chain = _GLOBAL__sub_I_ctrl_Main.cpp &rArr; xQueueCreateMutex &rArr; xQueueGenericSend &rArr; xTaskResumeAll &rArr; xTaskIncrementTick
</UL>
<BR>[Calls]<UL><LI><a href="#[269]">&gt;&gt;</a>&nbsp;&nbsp;&nbsp;xQueueCreateMutex
<LI><a href="#[26a]">&gt;&gt;</a>&nbsp;&nbsp;&nbsp;__aeabi_memclr8
</UL>
<BR>[Address Reference Count : 1]<UL><LI> ctrl_main.o(.init_array)
</UL>
<P><STRONG><a name="[d9]"></a>_ZL18ControlSystem_TaskPv</STRONG> (Thumb, 2272 bytes, Stack size 288 bytes, ctrl_main.o(.text._ZL18ControlSystem_TaskPv))
<BR><BR>[Stack]<UL><LI>Max Depth = 2152 + Unknown Stack Size
<LI>Call Chain = _ZL18ControlSystem_TaskPv &rArr; ctrl_Attitude() &rArr; SDLog_Msg_DebugVect(const char*, double*, unsigned char, double) &rArr; operator delete[] (void*) &rArr; __clang_call_terminate &rArr; __cxa_begin_catch &rArr; std::terminate() &rArr;  __clang_call_terminate (Cycle)
</UL>
<BR>[Calls]<UL><LI><a href="#[22a]">&gt;&gt;</a>&nbsp;&nbsp;&nbsp;vTaskDelay
<LI><a href="#[245]">&gt;&gt;</a>&nbsp;&nbsp;&nbsp;SName::SName__sub_object(const char*)
<LI><a href="#[2b0]">&gt;&gt;</a>&nbsp;&nbsp;&nbsp;getInitializationCompleted()
<LI><a href="#[3a6]">&gt;&gt;</a>&nbsp;&nbsp;&nbsp;vTaskDelayUntil
<LI><a href="#[2db]">&gt;&gt;</a>&nbsp;&nbsp;&nbsp;ReadParam(SName, unsigned*, MAV_PARAM_TYPE*, unsigned long long*, bool*, double)
<LI><a href="#[34c]">&gt;&gt;</a>&nbsp;&nbsp;&nbsp;xTaskGetTickCount
<LI><a href="#[27f]">&gt;&gt;</a>&nbsp;&nbsp;&nbsp;xQueueTakeMutexRecursive
<LI><a href="#[28a]">&gt;&gt;</a>&nbsp;&nbsp;&nbsp;xQueueGiveMutexRecursive
<LI><a href="#[32a]">&gt;&gt;</a>&nbsp;&nbsp;&nbsp;GetAccelerometer(unsigned char, IMU_Sensor*, double)
<LI><a href="#[2b8]">&gt;&gt;</a>&nbsp;&nbsp;&nbsp;GetGyroscope(unsigned char, IMU_Sensor*, double)
<LI><a href="#[35f]">&gt;&gt;</a>&nbsp;&nbsp;&nbsp;set_MainMotorCount(unsigned char)
<LI><a href="#[2aa]">&gt;&gt;</a>&nbsp;&nbsp;&nbsp;get_Attitude_MSStatus()
<LI><a href="#[35b]">&gt;&gt;</a>&nbsp;&nbsp;&nbsp;get_Altitude_MSStatus()
<LI><a href="#[342]">&gt;&gt;</a>&nbsp;&nbsp;&nbsp;get_MainBatteryInf(float*, float*, float*, float*, float*)
<LI><a href="#[3bc]">&gt;&gt;</a>&nbsp;&nbsp;&nbsp;get_current_use_IMUAccelerometer()
<LI><a href="#[3bd]">&gt;&gt;</a>&nbsp;&nbsp;&nbsp;get_current_use_IMUGyroscope()
<LI><a href="#[2e4]">&gt;&gt;</a>&nbsp;&nbsp;&nbsp;ctrl_Position()
<LI><a href="#[2d7]">&gt;&gt;</a>&nbsp;&nbsp;&nbsp;ctrl_Attitude()
<LI><a href="#[3bb]">&gt;&gt;</a>&nbsp;&nbsp;&nbsp;update_ESO_2()
<LI><a href="#[2ce]">&gt;&gt;</a>&nbsp;&nbsp;&nbsp;update_ESO_1()
<LI><a href="#[2ba]">&gt;&gt;</a>&nbsp;&nbsp;&nbsp;__aeabi_memclr4
</UL>
<BR>[Address Reference Count : 1]<UL><LI> ctrl_main.o(.text._Z18init_ControlSystemv)
</UL>
<P><STRONG><a name="[2d8]"></a>_ZL22update_output_throttledd</STRONG> (Thumb, 1552 bytes, Stack size 304 bytes, ctrl_attitude.o(.text._ZL22update_output_throttledd))
<BR><BR>[Stack]<UL><LI>Max Depth = 648<LI>Call Chain = _ZL22update_output_throttledd &rArr; get_AirframeY_quat(Quaternion*, double) &rArr; ReadParamGroup(SName, unsigned long long*, bool*, double) &rArr; xQueueSemaphoreTake &rArr; xTaskResumeAll &rArr; xTaskIncrementTick
</UL>
<BR>[Calls]<UL><LI><a href="#[2d1]">&gt;&gt;</a>&nbsp;&nbsp;&nbsp;get_AccelerationENU_Ctrl(vector3&lang;double&rang;*, double)
<LI><a href="#[341]">&gt;&gt;</a>&nbsp;&nbsp;&nbsp;get_AirframeY_quat(Quaternion*, double)
<LI><a href="#[2bf]">&gt;&gt;</a>&nbsp;&nbsp;&nbsp;get_Position(vector3&lang;double&rang;*, double)
<LI><a href="#[2f6]">&gt;&gt;</a>&nbsp;&nbsp;&nbsp;get_Health_XY(PosSensorHealthInf2*, double)
<LI><a href="#[2dc]">&gt;&gt;</a>&nbsp;&nbsp;&nbsp;get_Airframe_quat(Quaternion*, double)
<LI><a href="#[351]">&gt;&gt;</a>&nbsp;&nbsp;&nbsp;get_OptimalGlobal_XY(PosSensorHealthInf2*, double)
<LI><a href="#[2ea]">&gt;&gt;</a>&nbsp;&nbsp;&nbsp;get_Position_MSStatus()
<LI><a href="#[2bd]">&gt;&gt;</a>&nbsp;&nbsp;&nbsp;LockCtrl(double)
<LI><a href="#[289]">&gt;&gt;</a>&nbsp;&nbsp;&nbsp;UnlockCtrl()
<LI><a href="#[2a5]">&gt;&gt;</a>&nbsp;&nbsp;&nbsp;__hardfp_sqrt
<LI><a href="#[38f]">&gt;&gt;</a>&nbsp;&nbsp;&nbsp;__hardfp_cos
<LI><a href="#[26a]">&gt;&gt;</a>&nbsp;&nbsp;&nbsp;__aeabi_memclr8
</UL>
<BR>[Called By]<UL><LI><a href="#[2d7]">&gt;&gt;</a>&nbsp;&nbsp;&nbsp;ctrl_Attitude()
</UL>

<P><STRONG><a name="[2e2]"></a>_ZL31throttle_nonlinear_compensationPd</STRONG> (Thumb, 1064 bytes, Stack size 88 bytes, ctrl_attitude.o(.text._ZL31throttle_nonlinear_compensationPd))
<BR><BR>[Stack]<UL><LI>Max Depth = 120<LI>Call Chain = _ZL31throttle_nonlinear_compensationPd &rArr; __hardfp_sqrt &rArr; __set_errno
</UL>
<BR>[Calls]<UL><LI><a href="#[2a5]">&gt;&gt;</a>&nbsp;&nbsp;&nbsp;__hardfp_sqrt
</UL>
<BR>[Called By]<UL><LI><a href="#[2d7]">&gt;&gt;</a>&nbsp;&nbsp;&nbsp;ctrl_Attitude()
</UL>

<P><STRONG><a name="[14f]"></a>_GLOBAL__sub_I_MS_Attitude.cpp</STRONG> (Thumb, 1160 bytes, Stack size 40 bytes, ms_attitude.o(.text._GLOBAL__sub_I_MS_Attitude.cpp))
<BR><BR>[Stack]<UL><LI>Max Depth = 160<LI>Call Chain = _GLOBAL__sub_I_MS_Attitude.cpp &rArr; xQueueCreateMutex &rArr; xQueueGenericSend &rArr; xTaskResumeAll &rArr; xTaskIncrementTick
</UL>
<BR>[Calls]<UL><LI><a href="#[269]">&gt;&gt;</a>&nbsp;&nbsp;&nbsp;xQueueCreateMutex
<LI><a href="#[26b]">&gt;&gt;</a>&nbsp;&nbsp;&nbsp;operator new[] (unsigned)
<LI><a href="#[26a]">&gt;&gt;</a>&nbsp;&nbsp;&nbsp;__aeabi_memclr8
<LI><a href="#[176]">&gt;&gt;</a>&nbsp;&nbsp;&nbsp;__cxa_atexit
</UL>
<BR>[Address Reference Count : 1]<UL><LI> ms_attitude.o(.init_array)
</UL>
<P><STRONG><a name="[2a3]"></a>_ZL18MS_AttitudeHeadingdPP9PosAccInf</STRONG> (Thumb, 7032 bytes, Stack size 480 bytes, ms_attitude.o(.text._ZL18MS_AttitudeHeadingdPP9PosAccInf))
<BR><BR>[Stack]<UL><LI>Max Depth = 664 + Unknown Stack Size
<LI>Call Chain = _ZL18MS_AttitudeHeadingdPP9PosAccInf &rArr; __hardfp_tan &rArr; __ieee754_rem_pio2 &rArr; fabs
</UL>
<BR>[Calls]<UL><LI><a href="#[245]">&gt;&gt;</a>&nbsp;&nbsp;&nbsp;SName::SName__sub_object(const char*)
<LI><a href="#[31d]">&gt;&gt;</a>&nbsp;&nbsp;&nbsp;ReadParamGroup(SName, unsigned long long*, bool*, double)
<LI><a href="#[1bf]">&gt;&gt;</a>&nbsp;&nbsp;&nbsp;xQueueSemaphoreTake
<LI><a href="#[1c0]">&gt;&gt;</a>&nbsp;&nbsp;&nbsp;xQueueGenericSend
<LI><a href="#[2a4]">&gt;&gt;</a>&nbsp;&nbsp;&nbsp;GetPositionSensor(unsigned char, Position_Sensor*, double)
<LI><a href="#[325]">&gt;&gt;</a>&nbsp;&nbsp;&nbsp;GetMagnetometer(unsigned char, IMU_Sensor*, double)
<LI><a href="#[244]">&gt;&gt;</a>&nbsp;&nbsp;&nbsp;__cxa_guard_release
<LI><a href="#[243]">&gt;&gt;</a>&nbsp;&nbsp;&nbsp;__cxa_guard_acquire
<LI><a href="#[2a8]">&gt;&gt;</a>&nbsp;&nbsp;&nbsp;Quaternion::rotate_delta_angle(vector3&lang;double&rang;)
<LI><a href="#[2a1]">&gt;&gt;</a>&nbsp;&nbsp;&nbsp;__hardfp_tan
<LI><a href="#[2a5]">&gt;&gt;</a>&nbsp;&nbsp;&nbsp;__hardfp_sqrt
<LI><a href="#[2a6]">&gt;&gt;</a>&nbsp;&nbsp;&nbsp;__hardfp_atan2
<LI><a href="#[1c2]">&gt;&gt;</a>&nbsp;&nbsp;&nbsp;__aeabi_ul2d
<LI><a href="#[26a]">&gt;&gt;</a>&nbsp;&nbsp;&nbsp;__aeabi_memclr8
<LI><a href="#[2ba]">&gt;&gt;</a>&nbsp;&nbsp;&nbsp;__aeabi_memclr4
</UL>
<BR>[Called By]<UL><LI><a href="#[2a0]">&gt;&gt;</a>&nbsp;&nbsp;&nbsp;MS_Attitude(unsigned char, IMU_Sensor)
</UL>

<P><STRONG><a name="[150]"></a>_GLOBAL__sub_I_MS_Position.cpp</STRONG> (Thumb, 540 bytes, Stack size 32 bytes, ms_position.o(.text._GLOBAL__sub_I_MS_Position.cpp))
<BR><BR>[Stack]<UL><LI>Max Depth = 152<LI>Call Chain = _GLOBAL__sub_I_MS_Position.cpp &rArr; xQueueCreateMutex &rArr; xQueueGenericSend &rArr; xTaskResumeAll &rArr; xTaskIncrementTick
</UL>
<BR>[Calls]<UL><LI><a href="#[269]">&gt;&gt;</a>&nbsp;&nbsp;&nbsp;xQueueCreateMutex
<LI><a href="#[26b]">&gt;&gt;</a>&nbsp;&nbsp;&nbsp;operator new[] (unsigned)
<LI><a href="#[26a]">&gt;&gt;</a>&nbsp;&nbsp;&nbsp;__aeabi_memclr8
<LI><a href="#[176]">&gt;&gt;</a>&nbsp;&nbsp;&nbsp;__cxa_atexit
</UL>
<BR>[Address Reference Count : 1]<UL><LI> ms_position.o(.init_array)
</UL>
<P><STRONG><a name="[3da]"></a>_ZN10__cxxabiv1L12failed_throwEPNS_15__cxa_exceptionE</STRONG> (Thumb, 16 bytes, Stack size 8 bytes, cxa_exception.cpp.o(.text._ZN10__cxxabiv1L12failed_throwEPNS_15__cxa_exceptionE))
<BR><BR>[Stack]<UL><LI>Max Depth = 8 + In Cycle
<LI>Call Chain = _ZN10__cxxabiv1L12failed_throwEPNS_15__cxa_exceptionE &rArr;  __cxa_begin_catch (Cycle)
</UL>
<BR>[Calls]<UL><LI><a href="#[3db]">&gt;&gt;</a>&nbsp;&nbsp;&nbsp;__cxa_begin_catch
<LI><a href="#[3dc]">&gt;&gt;</a>&nbsp;&nbsp;&nbsp;std::__terminate(void(*)())
</UL>
<BR>[Called By]<UL><LI><a href="#[40a]">&gt;&gt;</a>&nbsp;&nbsp;&nbsp;__cxa_throw
</UL>

<P><STRONG><a name="[e2]"></a>_ZN10__cxxabiv1L22exception_cleanup_funcE19_Unwind_Reason_CodeP21_Unwind_Control_Block</STRONG> (Thumb, 22 bytes, Stack size 8 bytes, cxa_exception.cpp.o(.text._ZN10__cxxabiv1L22exception_cleanup_funcE19_Unwind_Reason_CodeP21_Unwind_Control_Block))
<BR><BR>[Stack]<UL><LI>Max Depth = 1112 + Unknown Stack Size
<LI>Call Chain = _ZN10__cxxabiv1L22exception_cleanup_funcE19_Unwind_Reason_CodeP21_Unwind_Control_Block &rArr; std::__terminate(void(*)()) &rArr;  __cxa_begin_catch (Cycle)
</UL>
<BR>[Calls]<UL><LI><a href="#[3dc]">&gt;&gt;</a>&nbsp;&nbsp;&nbsp;std::__terminate(void(*)())
<LI><a href="#[3de]">&gt;&gt;</a>&nbsp;&nbsp;&nbsp;__cxa_decrement_exception_refcount
</UL>
<BR>[Address Reference Count : 1]<UL><LI> cxa_exception.cpp.o(.text.__cxa_throw)
</UL>
<P><STRONG><a name="[151]"></a>__cxa_end_cleanup_impl</STRONG> (Thumb, 96 bytes, Stack size 8 bytes, cxa_exception.cpp.o(.text.__cxa_end_cleanup_impl), UNUSED, KEPT)
<BR><BR>[Stack]<UL><LI>Max Depth = 1144 + Unknown Stack Size
<LI>Call Chain = __cxa_end_cleanup_impl &rArr; std::terminate() &rArr;  __clang_call_terminate (Cycle)
</UL>
<BR>[Calls]<UL><LI><a href="#[16]">&gt;&gt;</a>&nbsp;&nbsp;&nbsp;std::terminate()
<LI><a href="#[406]">&gt;&gt;</a>&nbsp;&nbsp;&nbsp;__cxa_get_globals
</UL>

<P><STRONG><a name="[3d6]"></a>_ZN10__cxxabiv1L11scan_eh_tabERNS_12_GLOBAL__N_112scan_resultsE14_Unwind_ActionbP21_Unwind_Control_BlockP15_Unwind_Context</STRONG> (Thumb, 920 bytes, Stack size 96 bytes, cxa_personality.cpp.o(.text._ZN10__cxxabiv1L11scan_eh_tabERNS_12_GLOBAL__N_112scan_resultsE14_Unwind_ActionbP21_Unwind_Control_BlockP15_Unwind_Context))
<BR><BR>[Stack]<UL><LI>Max Depth = 152 + Unknown Stack Size
<LI>Call Chain = _ZN10__cxxabiv1L11scan_eh_tabERNS_12_GLOBAL__N_112scan_resultsE14_Unwind_ActionbP21_Unwind_Control_BlockP15_Unwind_Context &rArr; _Unwind_VRS_Get &rArr; abort &rArr; __rt_SIGABRT &rArr; __rt_SIGABRT_inner &rArr; __default_signal_display
</UL>
<BR>[Calls]<UL><LI><a href="#[276]">&gt;&gt;</a>&nbsp;&nbsp;&nbsp;_Unwind_VRS_Get
<LI><a href="#[270]">&gt;&gt;</a>&nbsp;&nbsp;&nbsp;_Unwind_GetRegionStart
<LI><a href="#[26e]">&gt;&gt;</a>&nbsp;&nbsp;&nbsp;_Unwind_GetLanguageSpecificData
<LI><a href="#[3d9]">&gt;&gt;</a>&nbsp;&nbsp;&nbsp;_ZN10__cxxabiv1L24exception_spec_can_catchExPKhhPKNS_16__shim_type_infoEPvP21_Unwind_Control_Block
<LI><a href="#[3d7]">&gt;&gt;</a>&nbsp;&nbsp;&nbsp;_ZN10__cxxabiv1L18readEncodedPointerEPPKhh
<LI><a href="#[3d8]">&gt;&gt;</a>&nbsp;&nbsp;&nbsp;_ZN10__cxxabiv1L14call_terminateEbP21_Unwind_Control_Block
<LI><a href="#[26a]">&gt;&gt;</a>&nbsp;&nbsp;&nbsp;__aeabi_memclr8
</UL>
<BR>[Called By]<UL><LI><a href="#[e7]">&gt;&gt;</a>&nbsp;&nbsp;&nbsp;__gxx_personality_v0
</UL>

<P><STRONG><a name="[3dd]"></a>_ZN10__cxxabiv1L13set_registersEP21_Unwind_Control_BlockP15_Unwind_ContextRKNS_12_GLOBAL__N_112scan_resultsE</STRONG> (Thumb, 92 bytes, Stack size 32 bytes, cxa_personality.cpp.o(.text._ZN10__cxxabiv1L13set_registersEP21_Unwind_Control_BlockP15_Unwind_ContextRKNS_12_GLOBAL__N_112scan_resultsE))
<BR><BR>[Stack]<UL><LI>Max Depth = 104 + Unknown Stack Size
<LI>Call Chain = _ZN10__cxxabiv1L13set_registersEP21_Unwind_Control_BlockP15_Unwind_ContextRKNS_12_GLOBAL__N_112scan_resultsE &rArr; _Unwind_VRS_Set &rArr; __unw_set_reg
</UL>
<BR>[Calls]<UL><LI><a href="#[27d]">&gt;&gt;</a>&nbsp;&nbsp;&nbsp;_Unwind_VRS_Set
<LI><a href="#[276]">&gt;&gt;</a>&nbsp;&nbsp;&nbsp;_Unwind_VRS_Get
</UL>
<BR>[Called By]<UL><LI><a href="#[e7]">&gt;&gt;</a>&nbsp;&nbsp;&nbsp;__gxx_personality_v0
</UL>

<P><STRONG><a name="[3d8]"></a>_ZN10__cxxabiv1L14call_terminateEbP21_Unwind_Control_Block</STRONG> (Thumb, 26 bytes, Stack size 16 bytes, cxa_personality.cpp.o(.text._ZN10__cxxabiv1L14call_terminateEbP21_Unwind_Control_Block))
<BR><BR>[Stack]<UL><LI>Max Depth = 16 + In Cycle
<LI>Call Chain = _ZN10__cxxabiv1L14call_terminateEbP21_Unwind_Control_Block &rArr;  __cxa_begin_catch (Cycle)
</UL>
<BR>[Calls]<UL><LI><a href="#[3db]">&gt;&gt;</a>&nbsp;&nbsp;&nbsp;__cxa_begin_catch
<LI><a href="#[16]">&gt;&gt;</a>&nbsp;&nbsp;&nbsp;std::terminate()
<LI><a href="#[3dc]">&gt;&gt;</a>&nbsp;&nbsp;&nbsp;std::__terminate(void(*)())
</UL>
<BR>[Called By]<UL><LI><a href="#[e7]">&gt;&gt;</a>&nbsp;&nbsp;&nbsp;__gxx_personality_v0
<LI><a href="#[3d9]">&gt;&gt;</a>&nbsp;&nbsp;&nbsp;_ZN10__cxxabiv1L24exception_spec_can_catchExPKhhPKNS_16__shim_type_infoEPvP21_Unwind_Control_Block
<LI><a href="#[3d6]">&gt;&gt;</a>&nbsp;&nbsp;&nbsp;_ZN10__cxxabiv1L11scan_eh_tabERNS_12_GLOBAL__N_112scan_resultsE14_Unwind_ActionbP21_Unwind_Control_BlockP15_Unwind_Context
<LI><a href="#[405]">&gt;&gt;</a>&nbsp;&nbsp;&nbsp;__cxa_call_unexpected
</UL>

<P><STRONG><a name="[3d7]"></a>_ZN10__cxxabiv1L18readEncodedPointerEPPKhh</STRONG> (Thumb, 298 bytes, Stack size 16 bytes, cxa_personality.cpp.o(.text._ZN10__cxxabiv1L18readEncodedPointerEPPKhh))
<BR><BR>[Stack]<UL><LI>Max Depth = 56 + Unknown Stack Size
<LI>Call Chain = _ZN10__cxxabiv1L18readEncodedPointerEPPKhh &rArr; abort &rArr; __rt_SIGABRT &rArr; __rt_SIGABRT_inner &rArr; __default_signal_display
</UL>
<BR>[Calls]<UL><LI><a href="#[15]">&gt;&gt;</a>&nbsp;&nbsp;&nbsp;abort
</UL>
<BR>[Called By]<UL><LI><a href="#[3d6]">&gt;&gt;</a>&nbsp;&nbsp;&nbsp;_ZN10__cxxabiv1L11scan_eh_tabERNS_12_GLOBAL__N_112scan_resultsE14_Unwind_ActionbP21_Unwind_Control_BlockP15_Unwind_Context
<LI><a href="#[405]">&gt;&gt;</a>&nbsp;&nbsp;&nbsp;__cxa_call_unexpected
</UL>

<P><STRONG><a name="[3d9]"></a>_ZN10__cxxabiv1L24exception_spec_can_catchExPKhhPKNS_16__shim_type_infoEPvP21_Unwind_Control_Block</STRONG> (Thumb, 66 bytes, Stack size 24 bytes, cxa_personality.cpp.o(.text._ZN10__cxxabiv1L24exception_spec_can_catchExPKhhPKNS_16__shim_type_infoEPvP21_Unwind_Control_Block))
<BR><BR>[Stack]<UL><LI>Max Depth = 40<LI>Call Chain = _ZN10__cxxabiv1L24exception_spec_can_catchExPKhhPKNS_16__shim_type_infoEPvP21_Unwind_Control_Block &rArr; _ZN10__cxxabiv1L14call_terminateEbP21_Unwind_Control_Block &rArr;  __cxa_begin_catch (Cycle)
</UL>
<BR>[Calls]<UL><LI><a href="#[3d8]">&gt;&gt;</a>&nbsp;&nbsp;&nbsp;_ZN10__cxxabiv1L14call_terminateEbP21_Unwind_Control_Block
</UL>
<BR>[Called By]<UL><LI><a href="#[3d6]">&gt;&gt;</a>&nbsp;&nbsp;&nbsp;_ZN10__cxxabiv1L11scan_eh_tabERNS_12_GLOBAL__N_112scan_resultsE14_Unwind_ActionbP21_Unwind_Control_BlockP15_Unwind_Context
<LI><a href="#[405]">&gt;&gt;</a>&nbsp;&nbsp;&nbsp;__cxa_call_unexpected
</UL>

<P><STRONG><a name="[274]"></a>_ZL13unwind_phase2P13unw_context_tP12unw_cursor_tP21_Unwind_Control_Blockb</STRONG> (Thumb, 164 bytes, Stack size 80 bytes, Unwind-EHABI.cpp.o(.text._ZL13unwind_phase2P13unw_context_tP12unw_cursor_tP21_Unwind_Control_Blockb))
<BR><BR>[Stack]<UL><LI>Max Depth = 200 + Unknown Stack Size
<LI>Call Chain = _ZL13unwind_phase2P13unw_context_tP12unw_cursor_tP21_Unwind_Control_Blockb &rArr; __unw_init_local &rArr; libunwind::UnwindCursor&lang;libunwind::LocalAddressSpace, libunwind::Registers_arm&rang;::setInfoBasedOnIPRegister(bool) &rArr; libunwind::UnwindCursor&lang;libunwind::LocalAddressSpace, libunwind::Registers_arm&rang;::getInfoFromEHABISection(unsigned, const libunwind::UnwindInfoSections&) &rArr; abort &rArr; __rt_SIGABRT &rArr; __rt_SIGABRT_inner &rArr; __default_signal_display
</UL>
<BR>[Calls]<UL><LI><a href="#[15]">&gt;&gt;</a>&nbsp;&nbsp;&nbsp;abort
<LI><a href="#[27b]">&gt;&gt;</a>&nbsp;&nbsp;&nbsp;__unw_set_reg
<LI><a href="#[3b3]">&gt;&gt;</a>&nbsp;&nbsp;&nbsp;__unw_resume
<LI><a href="#[273]">&gt;&gt;</a>&nbsp;&nbsp;&nbsp;__unw_init_local
<LI><a href="#[277]">&gt;&gt;</a>&nbsp;&nbsp;&nbsp;__unw_get_reg
<LI><a href="#[26f]">&gt;&gt;</a>&nbsp;&nbsp;&nbsp;__unw_get_proc_info
</UL>
<BR>[Called By]<UL><LI><a href="#[275]">&gt;&gt;</a>&nbsp;&nbsp;&nbsp;_Unwind_Resume
<LI><a href="#[271]">&gt;&gt;</a>&nbsp;&nbsp;&nbsp;_Unwind_RaiseException
</UL>

<P><STRONG><a name="[3e6]"></a>&lang;unnamed namespace 1&rang;::unwindOneFrame(unsigned, _Unwind_Control_Block*, _Unwind_Context*)</STRONG> (Thumb, 60 bytes, Stack size 56 bytes, Unwind-EHABI.cpp.o(.text._ZN12_GLOBAL__N_114unwindOneFrameEjP21_Unwind_Control_BlockP15_Unwind_Context))
<BR><BR>[Stack]<UL><LI>Max Depth = 64<LI>Call Chain = &lang;unnamed namespace 1&rang;::unwindOneFrame(unsigned, _Unwind_Control_Block*, _Unwind_Context*) &rArr; __unw_get_proc_info
</UL>
<BR>[Calls]<UL><LI><a href="#[3e7]">&gt;&gt;</a>&nbsp;&nbsp;&nbsp;__unw_step
<LI><a href="#[26f]">&gt;&gt;</a>&nbsp;&nbsp;&nbsp;__unw_get_proc_info
</UL>
<BR>[Called By]<UL><LI><a href="#[de]">&gt;&gt;</a>&nbsp;&nbsp;&nbsp;__aeabi_unwind_cpp_pr0
<LI><a href="#[df]">&gt;&gt;</a>&nbsp;&nbsp;&nbsp;__aeabi_unwind_cpp_pr1
<LI><a href="#[e0]">&gt;&gt;</a>&nbsp;&nbsp;&nbsp;__aeabi_unwind_cpp_pr2
</UL>

<P><STRONG><a name="[184]"></a>_fp_digits</STRONG> (Thumb, 432 bytes, Stack size 96 bytes, _printf_fp_dec.o(.text))
<BR><BR>[Stack]<UL><LI>Max Depth = 220<LI>Call Chain = _fp_digits &rArr; _btod_etento &rArr; _btod_emul &rArr; _e2e
</UL>
<BR>[Calls]<UL><LI><a href="#[188]">&gt;&gt;</a>&nbsp;&nbsp;&nbsp;_btod_emul
<LI><a href="#[187]">&gt;&gt;</a>&nbsp;&nbsp;&nbsp;_btod_ediv
<LI><a href="#[186]">&gt;&gt;</a>&nbsp;&nbsp;&nbsp;_btod_d2e
<LI><a href="#[185]">&gt;&gt;</a>&nbsp;&nbsp;&nbsp;_btod_etento
<LI><a href="#[189]">&gt;&gt;</a>&nbsp;&nbsp;&nbsp;_ll_udiv10
</UL>
<BR>[Called By]<UL><LI><a href="#[18a]">&gt;&gt;</a>&nbsp;&nbsp;&nbsp;_printf_fp_dec_real
</UL>

<P><STRONG><a name="[af]"></a>_printf_input_char</STRONG> (Thumb, 10 bytes, Stack size 0 bytes, _printf_char_common.o(.text))
<BR>[Address Reference Count : 1]<UL><LI> _printf_char_common.o(.text)
</UL>
<P><STRONG><a name="[3d3]"></a>&lang;unnamed namespace 1&rang;::fallback_free(void*)</STRONG> (Thumb, 140 bytes, Stack size 28 bytes, fallback_malloc.cpp.o(.text._ZN12_GLOBAL__N_113fallback_freeEPv))
<BR><BR>[Stack]<UL><LI>Max Depth = 28<LI>Call Chain = &lang;unnamed namespace 1&rang;::fallback_free(void*)
</UL>
<BR>[Called By]<UL><LI><a href="#[3d2]">&gt;&gt;</a>&nbsp;&nbsp;&nbsp;__cxxabiv1::__aligned_free_with_fallback(void*)
</UL>

<P><STRONG><a name="[3d5]"></a>&lang;unnamed namespace 1&rang;::fallback_malloc(unsigned)</STRONG> (Thumb, 146 bytes, Stack size 8 bytes, fallback_malloc.cpp.o(.text._ZN12_GLOBAL__N_115fallback_mallocEj))
<BR><BR>[Stack]<UL><LI>Max Depth = 8<LI>Call Chain = &lang;unnamed namespace 1&rang;::fallback_malloc(unsigned)
</UL>
<BR>[Called By]<UL><LI><a href="#[3d4]">&gt;&gt;</a>&nbsp;&nbsp;&nbsp;__cxxabiv1::__aligned_malloc_with_fallback(unsigned)
</UL>
<P>
<H3>
Undefined Global Symbols
</H3><HR></body></html>
